Archive member included to satisfy reference by file (symbol)

../Middlewares/ST/AI/Lib\NetworkRuntime1000_CM4_GCC.a(ai_platform.o)
                              ./X-CUBE-AI/App/network.o (ai_buffer_array_item_set_address)
../Middlewares/ST/AI/Lib\NetworkRuntime1000_CM4_GCC.a(ai_platform_interface.o)
                              ./X-CUBE-AI/App/network.o (ai_platform_get_weights_map)
../Middlewares/ST/AI/Lib\NetworkRuntime1000_CM4_GCC.a(core_common.o)
                              ../Middlewares/ST/AI/Lib\NetworkRuntime1000_CM4_GCC.a(ai_platform_interface.o) (core_init)
../Middlewares/ST/AI/Lib\NetworkRuntime1000_CM4_GCC.a(core_mem_manager.o)
                              ../Middlewares/ST/AI/Lib\NetworkRuntime1000_CM4_GCC.a(ai_platform_interface.o) (core_mem_alloc)
../Middlewares/ST/AI/Lib\NetworkRuntime1000_CM4_GCC.a(layers.o)
                              ../Middlewares/ST/AI/Lib\NetworkRuntime1000_CM4_GCC.a(ai_platform_interface.o) (ai_check_custom_types)
../Middlewares/ST/AI/Lib\NetworkRuntime1000_CM4_GCC.a(layers_conv2d_generic_float.o)
                              ./X-CUBE-AI/App/network.o (forward_dense)
../Middlewares/ST/AI/Lib\NetworkRuntime1000_CM4_GCC.a(layers_nl_generic_float.o)
                              ./X-CUBE-AI/App/network.o (forward_relu)
../Middlewares/ST/AI/Lib\NetworkRuntime1000_CM4_GCC.a(layers_conv2d_integer_scratch.o)
                              ../Middlewares/ST/AI/Lib\NetworkRuntime1000_CM4_GCC.a(layers.o) (get_conv2d_scratch_size)
../Middlewares/ST/AI/Lib\NetworkRuntime1000_CM4_GCC.a(forward_lite_conv2d_if32of32wf32.o)
                              ../Middlewares/ST/AI/Lib\NetworkRuntime1000_CM4_GCC.a(layers_conv2d_generic_float.o) (forward_lite_conv2d_if32of32wf32)
../Middlewares/ST/AI/Lib\NetworkRuntime1000_CM4_GCC.a(lite_nl_softmax_if32of32.o)
                              ../Middlewares/ST/AI/Lib\NetworkRuntime1000_CM4_GCC.a(layers_nl_generic_float.o) (forward_lite_nl_softmax_if32of32_kernel)
../Middlewares/ST/AI/Lib\NetworkRuntime1000_CM4_GCC.a(lite_nl_relu_if32of32.o)
                              ../Middlewares/ST/AI/Lib\NetworkRuntime1000_CM4_GCC.a(layers_nl_generic_float.o) (forward_lite_nl_prelu_if32of32_kernel)
../Middlewares/ST/AI/Lib\NetworkRuntime1000_CM4_GCC.a(lite_dense_if32.o)
                              ../Middlewares/ST/AI/Lib\NetworkRuntime1000_CM4_GCC.a(layers_conv2d_generic_float.o) (lite_decompress_ilutof32)
../Middlewares/ST/AI/Lib\NetworkRuntime1000_CM4_GCC.a(lite_nl_generic_float.o)
                              ../Middlewares/ST/AI/Lib\NetworkRuntime1000_CM4_GCC.a(layers_nl_generic_float.o) (forward_lite_nl_softmax_if32of32)
../Middlewares/ST/AI/Lib\NetworkRuntime1000_CM4_GCC.a(st_int8_fill.o)
                              ../Middlewares/ST/AI/Lib\NetworkRuntime1000_CM4_GCC.a(ai_platform_interface.o) (st_int8_copy)
../Middlewares/ST/AI/Lib\NetworkRuntime1000_CM4_GCC.a(ai_math_helpers.o)
                              ../Middlewares/ST/AI/Lib\NetworkRuntime1000_CM4_GCC.a(layers_nl_generic_float.o) (ai_math_sqrt)
../Middlewares/ST/AI/Lib\NetworkRuntime1000_CM4_GCC.a(ai_datatypes_format.o)
                              ../Middlewares/ST/AI/Lib\NetworkRuntime1000_CM4_GCC.a(ai_platform_interface.o) (ai_array_to_buffer_fmt)
../Middlewares/ST/AI/Lib\NetworkRuntime1000_CM4_GCC.a(ai_datatypes_internal.o)
                              ../Middlewares/ST/AI/Lib\NetworkRuntime1000_CM4_GCC.a(ai_platform_interface.o) (ai_version_get)
../Middlewares/ST/AI/Lib\NetworkRuntime1000_CM4_GCC.a(ai_math_elementwise_mul_int8.o)
                              ../Middlewares/ST/AI/Lib\NetworkRuntime1000_CM4_GCC.a(ai_math_helpers.o) (ai_math_elementwise_mul_int8)
../Middlewares/ST/AI/Lib\NetworkRuntime1000_CM4_GCC.a(ai_math_elementwise_sum_int8.o)
                              ../Middlewares/ST/AI/Lib\NetworkRuntime1000_CM4_GCC.a(ai_math_helpers.o) (ai_math_elementwise_sum_int8)
../Middlewares/ST/AI/Lib\NetworkRuntime1000_CM4_GCC.a(st_align_factor.o)
                              ../Middlewares/ST/AI/Lib\NetworkRuntime1000_CM4_GCC.a(ai_math_helpers.o) (align_factor)
C:/Users/enric/STM32CubeIDE_1.15.1/STM32CubeIDE/plugins/com.st.stm32cube.ide.mcu.externaltools.gnu-tools-for-stm32.12.3.rel1.win32_1.1.0.202410251130/tools/bin/../lib/gcc/arm-none-eabi/12.3.1/../../../../arm-none-eabi/lib/thumb/v7e-m+fp/hard\libc_nano.a(libc_a-exit.o)
                              C:/Users/enric/STM32CubeIDE_1.15.1/STM32CubeIDE/plugins/com.st.stm32cube.ide.mcu.externaltools.gnu-tools-for-stm32.12.3.rel1.win32_1.1.0.202410251130/tools/bin/../lib/gcc/arm-none-eabi/12.3.1/../../../../arm-none-eabi/lib/thumb/v7e-m+fp/hard/crt0.o (exit)
C:/Users/enric/STM32CubeIDE_1.15.1/STM32CubeIDE/plugins/com.st.stm32cube.ide.mcu.externaltools.gnu-tools-for-stm32.12.3.rel1.win32_1.1.0.202410251130/tools/bin/../lib/gcc/arm-none-eabi/12.3.1/../../../../arm-none-eabi/lib/thumb/v7e-m+fp/hard\libc_nano.a(libc_a-malloc.o)
                              ./Core/Src/main.o (malloc)
[...]
Memory Configuration

Name             Origin             Length             Attributes
RAM              0x20000000         0x000a0000         xrw
RAM2             0x10000000         0x00010000         xrw
RAM3             0x20040000         0x00060000         xrw
FLASH            0x08000000         0x00200000         xr
*default*        0x00000000         0xffffffff

Linker script and memory map

LOAD C:/Users/enric/STM32CubeIDE_1.15.1/STM32CubeIDE/plugins/com.st.stm32cube.ide.mcu.externaltools.gnu-tools-for-stm32.12.3.rel1.win32_1.1.0.202410251130/tools/bin/../lib/gcc/arm-none-eabi/12.3.1/thumb/v7e-m+fp/hard/crti.o
LOAD C:/Users/enric/STM32CubeIDE_1.15.1/STM32CubeIDE/plugins/com.st.stm32cube.ide.mcu.externaltools.gnu-tools-for-stm32.12.3.rel1.win32_1.1.0.202410251130/tools/bin/../lib/gcc/arm-none-eabi/12.3.1/thumb/v7e-m+fp/hard/crtbegin.o
LOAD C:/Users/enric/STM32CubeIDE_1.15.1/STM32CubeIDE/plugins/com.st.stm32cube.ide.mcu.externaltools.gnu-tools-for-stm32.12.3.rel1.win32_1.1.0.202410251130/tools/bin/../lib/gcc/arm-none-eabi/12.3.1/../../../../arm-none-eabi/lib/thumb/v7e-m+fp/hard/crt0.o
LOAD ./Core/Src/main.o
LOAD ./Core/Src/stm32l4xx_hal_msp.o
LOAD ./Core/Src/stm32l4xx_it.o
LOAD ./Core/Src/sysmem.o
LOAD ./Core/Src/system_stm32l4xx.o
LOAD ./Core/Startup/startup_stm32l4r9zijx.o
LOAD ./Drivers/STM32L4xx_HAL_Driver/Src/stm32l4xx_hal.o
LOAD ./Drivers/STM32L4xx_HAL_Driver/Src/stm32l4xx_hal_cortex.o
LOAD ./Drivers/STM32L4xx_HAL_Driver/Src/stm32l4xx_hal_crc.o
LOAD ./Drivers/STM32L4xx_HAL_Driver/Src/stm32l4xx_hal_crc_ex.o
LOAD ./Drivers/STM32L4xx_HAL_Driver/Src/stm32l4xx_hal_dma.o
LOAD ./Drivers/STM32L4xx_HAL_Driver/Src/stm32l4xx_hal_dma_ex.o
LOAD ./Drivers/STM32L4xx_HAL_Driver/Src/stm32l4xx_hal_exti.o
LOAD ./Drivers/STM32L4xx_HAL_Driver/Src/stm32l4xx_hal_flash.o
LOAD ./Drivers/STM32L4xx_HAL_Driver/Src/stm32l4xx_hal_flash_ex.o
LOAD ./Drivers/STM32L4xx_HAL_Driver/Src/stm32l4xx_hal_flash_ramfunc.o
LOAD ./Drivers/STM32L4xx_HAL_Driver/Src/stm32l4xx_hal_gpio.o
LOAD ./Drivers/STM32L4xx_HAL_Driver/Src/stm32l4xx_hal_i2c.o
LOAD ./Drivers/STM32L4xx_HAL_Driver/Src/stm32l4xx_hal_i2c_ex.o
LOAD ./Drivers/STM32L4xx_HAL_Driver/Src/stm32l4xx_hal_mmc.o
LOAD ./Drivers/STM32L4xx_HAL_Driver/Src/stm32l4xx_hal_mmc_ex.o
LOAD ./Drivers/STM32L4xx_HAL_Driver/Src/stm32l4xx_hal_pwr.o
LOAD ./Drivers/STM32L4xx_HAL_Driver/Src/stm32l4xx_hal_pwr_ex.o
LOAD ./Drivers/STM32L4xx_HAL_Driver/Src/stm32l4xx_hal_rcc.o
LOAD ./Drivers/STM32L4xx_HAL_Driver/Src/stm32l4xx_hal_rcc_ex.o
LOAD ./Drivers/STM32L4xx_HAL_Driver/Src/stm32l4xx_hal_sd.o
LOAD ./Drivers/STM32L4xx_HAL_Driver/Src/stm32l4xx_hal_sd_ex.o
LOAD ./Drivers/STM32L4xx_HAL_Driver/Src/stm32l4xx_hal_tim.o
LOAD ./Drivers/STM32L4xx_HAL_Driver/Src/stm32l4xx_hal_tim_ex.o
LOAD ./Drivers/STM32L4xx_HAL_Driver/Src/stm32l4xx_hal_uart.o
LOAD ./Drivers/STM32L4xx_HAL_Driver/Src/stm32l4xx_hal_uart_ex.o
LOAD ./Drivers/STM32L4xx_HAL_Driver/Src/stm32l4xx_ll_sdmmc.o
LOAD ./FATFS/App/fatfs.o
LOAD ./FATFS/Target/bsp_driver_sd.o
LOAD ./FATFS/Target/fatfs_platform.o
LOAD ./FATFS/Target/sd_diskio.o
LOAD ./Middlewares/Third_Party/FatFs/src/diskio.o
LOAD ./Middlewares/Third_Party/FatFs/src/ff.o
LOAD ./Middlewares/Third_Party/FatFs/src/ff_gen_drv.o
LOAD ./Middlewares/Third_Party/FatFs/src/option/syscall.o
LOAD ./X-CUBE-AI/App/network.o
LOAD ./X-CUBE-AI/App/network_data.o
LOAD ./X-CUBE-AI/App/network_data_params.o
LOAD ../Middlewares/ST/AI/Lib\NetworkRuntime1000_CM4_GCC.a
START GROUP
LOAD C:/Users/enric/STM32CubeIDE_1.15.1/STM32CubeIDE/plugins/com.st.stm32cube.ide.mcu.externaltools.gnu-tools-for-stm32.12.3.rel1.win32_1.1.0.202410251130/tools/bin/../lib/gcc/arm-none-eabi/12.3.1/../../../../arm-none-eabi/lib/thumb/v7e-m+fp/hard\libc_nano.a
LOAD C:/Users/enric/STM32CubeIDE_1.15.1/STM32CubeIDE/plugins/com.st.stm32cube.ide.mcu.externaltools.gnu-tools-for-stm32.12.3.rel1.win32_1.1.0.202410251130/tools/bin/../lib/gcc/arm-none-eabi/12.3.1/../../../../arm-none-eabi/lib/thumb/v7e-m+fp/hard\libm.a
END GROUP
START GROUP
LOAD C:/Users/enric/STM32CubeIDE_1.15.1/STM32CubeIDE/plugins/com.st.stm32cube.ide.mcu.externaltools.gnu-tools-for-stm32.12.3.rel1.win32_1.1.0.202410251130/tools/bin/../lib/gcc/arm-none-eabi/12.3.1/thumb/v7e-m+fp/hard\libgcc.a
LOAD C:/Users/enric/STM32CubeIDE_1.15.1/STM32CubeIDE/plugins/com.st.stm32cube.ide.mcu.externaltools.gnu-tools-for-stm32.12.3.rel1.win32_1.1.0.202410251130/tools/bin/../lib/gcc/arm-none-eabi/12.3.1/../../../../arm-none-eabi/lib/thumb/v7e-m+fp/hard\libc_nano.a
END GROUP
START GROUP
LOAD C:/Users/enric/STM32CubeIDE_1.15.1/STM32CubeIDE/plugins/com.st.stm32cube.ide.mcu.externaltools.gnu-tools-for-stm32.12.3.rel1.win32_1.1.0.202410251130/tools/bin/../lib/gcc/arm-none-eabi/12.3.1/thumb/v7e-m+fp/hard\libgcc.a
LOAD C:/Users/enric/STM32CubeIDE_1.15.1/STM32CubeIDE/plugins/com.st.stm32cube.ide.mcu.externaltools.gnu-tools-for-stm32.12.3.rel1.win32_1.1.0.202410251130/tools/bin/../lib/gcc/arm-none-eabi/12.3.1/../../../../arm-none-eabi/lib/thumb/v7e-m+fp/hard\libc_nano.a
LOAD C:/Users/enric/STM32CubeIDE_1.15.1/STM32CubeIDE/plugins/com.st.stm32cube.ide.mcu.externaltools.gnu-tools-for-stm32.12.3.rel1.win32_1.1.0.202410251130/tools/bin/../lib/gcc/arm-none-eabi/12.3.1/../../../../arm-none-eabi/lib/thumb/v7e-m+fp/hard\libnosys.a
END GROUP
START GROUP
LOAD C:/Users/enric/STM32CubeIDE_1.15.1/STM32CubeIDE/plugins/com.st.stm32cube.ide.mcu.externaltools.gnu-tools-for-stm32.12.3.rel1.win32_1.1.0.202410251130/tools/bin/../lib/gcc/arm-none-eabi/12.3.1/thumb/v7e-m+fp/hard\libgcc.a
LOAD C:/Users/enric/STM32CubeIDE_1.15.1/STM32CubeIDE/plugins/com.st.stm32cube.ide.mcu.externaltools.gnu-tools-for-stm32.12.3.rel1.win32_1.1.0.202410251130/tools/bin/../lib/gcc/arm-none-eabi/12.3.1/../../../../arm-none-eabi/lib/thumb/v7e-m+fp/hard\libc_nano.a
LOAD C:/Users/enric/STM32CubeIDE_1.15.1/STM32CubeIDE/plugins/com.st.stm32cube.ide.mcu.externaltools.gnu-tools-for-stm32.12.3.rel1.win32_1.1.0.202410251130/tools/bin/../lib/gcc/arm-none-eabi/12.3.1/../../../../arm-none-eabi/lib/thumb/v7e-m+fp/hard\libnosys.a
END GROUP
LOAD C:/Users/enric/STM32CubeIDE_1.15.1/STM32CubeIDE/plugins/com.st.stm32cube.ide.mcu.externaltools.gnu-tools-for-stm32.12.3.rel1.win32_1.1.0.202410251130/tools/bin/../lib/gcc/arm-none-eabi/12.3.1/thumb/v7e-m+fp/hard/crtend.o
LOAD C:/Users/enric/STM32CubeIDE_1.15.1/STM32CubeIDE/plugins/com.st.stm32cube.ide.mcu.externaltools.gnu-tools-for-stm32.12.3.rel1.win32_1.1.0.202410251130/tools/bin/../lib/gcc/arm-none-eabi/12.3.1/thumb/v7e-m+fp/hard/crtn.o
                0x200a0000                        _estack = (ORIGIN (RAM3) + LENGTH (RAM3))
                0x00000800                        _Min_Heap_Size = 0x800
                0x00000800                        _Min_Stack_Size = 0x800

.isr_vector     0x08000000      0x1bc
                0x08000000                        . = ALIGN (0x4)
 *(.isr_vector)
 .isr_vector    0x08000000      0x1bc ./Core/Startup/startup_stm32l4r9zijx.o
                0x08000000                g_pfnVectors
                0x080001bc                        . = ALIGN (0x4)

.text           0x080001c0     0xf20c
                0x080001c0                        . = ALIGN (0x4)
 *(.text)
 .text          0x080001c0       0x40 C:/Users/enric/STM32CubeIDE_1.15.1/STM32CubeIDE/plugins/com.st.stm32cube.ide.mcu.externaltools.gnu-tools-for-stm32.12.3.rel1.win32_1.1.0.202410251130/tools/bin/../lib/gcc/arm-none-eabi/12.3.1/thumb/v7e-m+fp/hard/crtbegin.o
 .text          0x08000200       0x10 C:/Users/enric/STM32CubeIDE_1.15.1/STM32CubeIDE/plugins/com.st.stm32cube.ide.mcu.externaltools.gnu-tools-for-stm32.12.3.rel1.win32_1.1.0.202410251130/tools/bin/../lib/gcc/arm-none-eabi/12.3.1/../../../../arm-none-eabi/lib/thumb/v7e-m+fp/hard\libc_nano.a(libc_a-strlen.o)
                0x08000200                strlen
 .text          0x08000210       0xa0 C:/Users/enric/STM32CubeIDE_1.15.1/STM32CubeIDE/plugins/com.st.stm32cube.ide.mcu.externaltools.gnu-tools-for-stm32.12.3.rel1.win32_1.1.0.202410251130/tools/bin/../lib/gcc/arm-none-eabi/12.3.1/../../../../arm-none-eabi/lib/thumb/v7e-m+fp/hard\libc_nano.a(libc_a-memchr.o)
                0x08000210                memchr
 .text          0x080002b0      0x378 C:/Users/enric/STM32CubeIDE_1.15.1/STM32CubeIDE/plugins/com.st.stm32cube.ide.mcu.externaltools.gnu-tools-for-stm32.12.3.rel1.win32_1.1.0.202410251130/tools/bin/../lib/gcc/arm-none-eabi/12.3.1/thumb/v7e-m+fp/hard\libgcc.a(_arm_addsubdf3.o)
                0x080002b0                __aeabi_drsub
                0x080002b8                __aeabi_dsub
                0x080002b8                __subdf3
                0x080002bc                __aeabi_dadd
                0x080002bc                __adddf3
                0x08000534                __floatunsidf
                0x08000534                __aeabi_ui2d
                0x08000554                __floatsidf
                0x08000554                __aeabi_i2d
                0x08000578                __aeabi_f2d
                0x08000578                __extendsfdf2
                0x080005bc                __floatundidf
                0x080005bc                __aeabi_ul2d
                0x080005cc                __floatdidf
                0x080005cc                __aeabi_l2d
 .text          0x08000628      0x424 C:/Users/enric/STM32CubeIDE_1.15.1/STM32CubeIDE/plugins/com.st.stm32cube.ide.mcu.externaltools.gnu-tools-for-stm32.12.3.rel1.win32_1.1.0.202410251130/tools/bin/../lib/gcc/arm-none-eabi/12.3.1/thumb/v7e-m+fp/hard\libgcc.a(_arm_muldivdf3.o)
                0x08000628                __aeabi_dmul
                0x08000628                __muldf3
                0x0800087c                __divdf3
                0x0800087c                __aeabi_ddiv
 .text          0x08000a4c      0x110 C:/Users/enric/STM32CubeIDE_1.15.1/STM32CubeIDE/plugins/com.st.stm32cube.ide.mcu.externaltools.gnu-tools-for-stm32.12.3.rel1.win32_1.1.0.202410251130/tools/bin/../lib/gcc/arm-none-eabi/12.3.1/thumb/v7e-m+fp/hard\libgcc.a(_arm_cmpdf2.o)
                0x08000a4c                __gtdf2
                0x08000a4c                __gedf2
                0x08000a54                __ltdf2
                0x08000a54                __ledf2
                0x08000a5c                __nedf2
                0x08000a5c                __eqdf2
                0x08000a5c                __cmpdf2
                0x08000ad8                __aeabi_cdrcmple
                0x08000ae8                __aeabi_cdcmpeq
                0x08000ae8                __aeabi_cdcmple
                0x08000af8                __aeabi_dcmpeq
                0x08000b0c                __aeabi_dcmplt
                0x08000b20                __aeabi_dcmple
                0x08000b34                __aeabi_dcmpge
                0x08000b48                __aeabi_dcmpgt
 .text          0x08000b5c       0x50 C:/Users/enric/STM32CubeIDE_1.15.1/STM32CubeIDE/plugins/com.st.stm32cube.ide.mcu.externaltools.gnu-tools-for-stm32.12.3.rel1.win32_1.1.0.202410251130/tools/bin/../lib/gcc/arm-none-eabi/12.3.1/thumb/v7e-m+fp/hard\libgcc.a(_arm_fixdfsi.o)
                0x08000b5c                __aeabi_d2iz
                0x08000b5c                __fixdfsi
 .text          0x08000bac       0xa0 C:/Users/enric/STM32CubeIDE_1.15.1/STM32CubeIDE/plugins/com.st.stm32cube.ide.mcu.externaltools.gnu-tools-for-stm32.12.3.rel1.win32_1.1.0.202410251130/tools/bin/../lib/gcc/arm-none-eabi/12.3.1/thumb/v7e-m+fp/hard\libgcc.a(_arm_truncdfsf2.o)
                0x08000bac                __truncdfsf2
                0x08000bac                __aeabi_d2f
 .text          0x08000c4c       0x30 C:/Users/enric/STM32CubeIDE_1.15.1/STM32CubeIDE/plugins/com.st.stm32cube.ide.mcu.externaltools.gnu-tools-for-stm32.12.3.rel1.win32_1.1.0.202410251130/tools/bin/../lib/gcc/arm-none-eabi/12.3.1/thumb/v7e-m+fp/hard\libgcc.a(_aeabi_uldivmod.o)
                0x08000c4c                __aeabi_uldivmod
 .text          0x08000c7c      0x2bc C:/Users/enric/STM32CubeIDE_1.15.1/STM32CubeIDE/plugins/com.st.stm32cube.ide.mcu.externaltools.gnu-tools-for-stm32.12.3.rel1.win32_1.1.0.202410251130/tools/bin/../lib/gcc/arm-none-eabi/12.3.1/thumb/v7e-m+fp/hard\libgcc.a(_udivmoddi4.o)
                0x08000c7c                __udivmoddi4
 .text          0x08000f38        0x4 C:/Users/enric/STM32CubeIDE_1.15.1/STM32CubeIDE/plugins/com.st.stm32cube.ide.mcu.externaltools.gnu-tools-for-stm32.12.3.rel1.win32_1.1.0.202410251130/tools/bin/../lib/gcc/arm-none-eabi/12.3.1/thumb/v7e-m+fp/hard\libgcc.a(_dvmd_tls.o)
                0x08000f38                __aeabi_idiv0
                0x08000f38                __aeabi_ldiv0
 *(.text*)
 .text.main     0x08000f3c      0x230 ./Core/Src/main.o
                0x08000f3c                main
 .text.SystemClock_Config
                0x0800116c       0xa4 ./Core/Src/main.o
                0x0800116c                SystemClock_Config
 .text.MX_CRC_Init
                0x08001210       0x44 ./Core/Src/main.o
 .text.MX_SDMMC1_SD_Init
                0x08001254       0x44 ./Core/Src/main.o
 .text.MX_TIM1_Init
                0x08001298       0xa8 ./Core/Src/main.o
 .text.MX_USART2_UART_Init
                0x08001340       0x98 ./Core/Src/main.o
 .text.MX_GPIO_Init
                0x080013d8      0x5c0 ./Core/Src/main.o
 .text.ai_init  0x08001998       0x64 ./Core/Src/main.o
                0x08001998                ai_init
 .text.ai_run   0x080019fc       0x5c ./Core/Src/main.o
                0x080019fc                ai_run
 .text.set_input_data
                0x08001a58       0x44 ./Core/Src/main.o
                0x08001a58                set_input_data
 .text.process_output
                0x08001a9c       0x9a ./Core/Src/main.o
                0x08001a9c                process_output
 *fill*         0x08001b36        0x2 
 .text.network_run
                0x08001b38       0x74 ./Core/Src/main.o
                0x08001b38                network_run
 .text.read_from_sd
                0x08001bac       0xa8 ./Core/Src/main.o
                0x08001bac                read_from_sd
 .text.write_to_sd
                0x08001c54       0x68 ./Core/Src/main.o
                0x08001c54                write_to_sd
 .text.write_report
                0x08001cbc       0x70 ./Core/Src/main.o
                0x08001cbc                write_report
 .text.Error_Handler
                0x08001d2c        0xc ./Core/Src/main.o
                0x08001d2c                Error_Handler
 .text.HAL_MspInit
                0x08001d38       0x48 ./Core/Src/stm32l4xx_hal_msp.o
                0x08001d38                HAL_MspInit
 .text.HAL_CRC_MspInit
                0x08001d80       0x40 ./Core/Src/stm32l4xx_hal_msp.o
                0x08001d80                HAL_CRC_MspInit
 .text.HAL_SD_MspInit
                0x08001dc0      0x118 ./Core/Src/stm32l4xx_hal_msp.o
                0x08001dc0                HAL_SD_MspInit
 .text.HAL_TIM_Base_MspInit
                0x08001ed8       0x40 ./Core/Src/stm32l4xx_hal_msp.o
                0x08001ed8                HAL_TIM_Base_MspInit
 .text.HAL_UART_MspInit
                0x08001f18       0xcc ./Core/Src/stm32l4xx_hal_msp.o
                0x08001f18                HAL_UART_MspInit
 .text.NMI_Handler
                0x08001fe4        0x8 ./Core/Src/stm32l4xx_it.o
                0x08001fe4                NMI_Handler
 .text.HardFault_Handler
                0x08001fec        0x8 ./Core/Src/stm32l4xx_it.o
                0x08001fec                HardFault_Handler
 .text.MemManage_Handler
                0x08001ff4        0x8 ./Core/Src/stm32l4xx_it.o
                0x08001ff4                MemManage_Handler
 .text.BusFault_Handler
                0x08001ffc        0x8 ./Core/Src/stm32l4xx_it.o
                0x08001ffc                BusFault_Handler
 .text.UsageFault_Handler
                0x08002004        0x8 ./Core/Src/stm32l4xx_it.o
                0x08002004                UsageFault_Handler
 .text.SVC_Handler
                0x0800200c        0xe ./Core/Src/stm32l4xx_it.o
                0x0800200c                SVC_Handler
 .text.DebugMon_Handler
                0x0800201a        0xe ./Core/Src/stm32l4xx_it.o
                0x0800201a                DebugMon_Handler
 .text.PendSV_Handler
                0x08002028        0xe ./Core/Src/stm32l4xx_it.o
                0x08002028                PendSV_Handler
 .text.SysTick_Handler
                0x08002036        0xc ./Core/Src/stm32l4xx_it.o
                0x08002036                SysTick_Handler
 *fill*         0x08002042        0x2 
 .text.USART2_IRQHandler
                0x08002044       0x14 ./Core/Src/stm32l4xx_it.o
                0x08002044                USART2_IRQHandler
 .text.SDMMC1_IRQHandler
                0x08002058       0x14 ./Core/Src/stm32l4xx_it.o
                0x08002058                SDMMC1_IRQHandler
 .text._sbrk    0x0800206c       0x6c ./Core/Src/sysmem.o
                0x0800206c                _sbrk
 .text.SystemInit
                0x080020d8       0x24 ./Core/Src/system_stm32l4xx.o
                0x080020d8                SystemInit
 .text.Reset_Handler
                0x080020fc       0x50 ./Core/Startup/startup_stm32l4r9zijx.o
                0x080020fc                Reset_Handler
 .text.Default_Handler
                0x0800214c        0x2 ./Core/Startup/startup_stm32l4r9zijx.o
                0x0800214c                RTC_Alarm_IRQHandler
                0x0800214c                EXTI2_IRQHandler
                0x0800214c                TIM8_TRG_COM_IRQHandler
                0x0800214c                TIM8_CC_IRQHandler
                0x0800214c                TIM1_CC_IRQHandler
                0x0800214c                TSC_IRQHandler
                0x0800214c                TAMP_STAMP_IRQHandler
                0x0800214c                EXTI3_IRQHandler
                0x0800214c                LPTIM2_IRQHandler
                0x0800214c                DFSDM1_FLT1_IRQHandler
                0x0800214c                GFXMMU_IRQHandler
                0x0800214c                I2C3_ER_IRQHandler
                0x0800214c                DFSDM1_FLT2_IRQHandler
                0x0800214c                EXTI0_IRQHandler
                0x0800214c                I2C2_EV_IRQHandler
                0x0800214c                CAN1_RX0_IRQHandler
                0x0800214c                FPU_IRQHandler
                0x0800214c                TIM1_UP_TIM16_IRQHandler
                0x0800214c                LTDC_ER_IRQHandler
                0x0800214c                SPI1_IRQHandler
                0x0800214c                OCTOSPI1_IRQHandler
                0x0800214c                TIM6_DAC_IRQHandler
                0x0800214c                DCMI_IRQHandler
                0x0800214c                TIM8_UP_IRQHandler
                0x0800214c                OCTOSPI2_IRQHandler
                0x0800214c                DMA2_Channel2_IRQHandler
                0x0800214c                DMA1_Channel4_IRQHandler
                0x0800214c                SAI2_IRQHandler
                0x0800214c                ADC1_IRQHandler
                0x0800214c                DFSDM1_FLT3_IRQHandler
                0x0800214c                USART3_IRQHandler
                0x0800214c                DMA1_Channel7_IRQHandler
                0x0800214c                CAN1_RX1_IRQHandler
                0x0800214c                UART5_IRQHandler
                0x0800214c                TIM4_IRQHandler
                0x0800214c                DMA2_Channel1_IRQHandler
                0x0800214c                I2C1_EV_IRQHandler
                0x0800214c                DMAMUX1_OVR_IRQHandler
                0x0800214c                DMA1_Channel6_IRQHandler
                0x0800214c                UART4_IRQHandler
                0x0800214c                DMA2_Channel4_IRQHandler
                0x0800214c                TIM3_IRQHandler
                0x0800214c                RCC_IRQHandler
                0x0800214c                DMA1_Channel1_IRQHandler
                0x0800214c                Default_Handler
                0x0800214c                DMA2_Channel7_IRQHandler
                0x0800214c                EXTI15_10_IRQHandler
                0x0800214c                TIM7_IRQHandler
                0x0800214c                TIM5_IRQHandler
                0x0800214c                I2C3_EV_IRQHandler
                0x0800214c                EXTI9_5_IRQHandler
                0x0800214c                RTC_WKUP_IRQHandler
                0x0800214c                LTDC_IRQHandler
                0x0800214c                PVD_PVM_IRQHandler
                0x0800214c                SPI2_IRQHandler
                0x0800214c                CAN1_TX_IRQHandler
                0x0800214c                DMA2_Channel5_IRQHandler
                0x0800214c                CRS_IRQHandler
                0x0800214c                DMA1_Channel5_IRQHandler
                0x0800214c                EXTI4_IRQHandler
                0x0800214c                RNG_IRQHandler
                0x0800214c                TIM1_TRG_COM_TIM17_IRQHandler
                0x0800214c                DMA1_Channel3_IRQHandler
                0x0800214c                COMP_IRQHandler
                0x0800214c                DSI_IRQHandler
                0x0800214c                WWDG_IRQHandler
                0x0800214c                I2C4_EV_IRQHandler
                0x0800214c                LPUART1_IRQHandler
                0x0800214c                DMA2_Channel6_IRQHandler
                0x0800214c                TIM2_IRQHandler
                0x0800214c                DMA2D_IRQHandler
                0x0800214c                EXTI1_IRQHandler
                0x0800214c                DFSDM1_FLT0_IRQHandler
                0x0800214c                I2C2_ER_IRQHandler
                0x0800214c                DMA1_Channel2_IRQHandler
                0x0800214c                TIM8_BRK_IRQHandler
                0x0800214c                CAN1_SCE_IRQHandler
                0x0800214c                FLASH_IRQHandler
                0x0800214c                USART1_IRQHandler
                0x0800214c                OTG_FS_IRQHandler
                0x0800214c                SPI3_IRQHandler
                0x0800214c                I2C1_ER_IRQHandler
                0x0800214c                FMC_IRQHandler
                0x0800214c                LPTIM1_IRQHandler
                0x0800214c                I2C4_ER_IRQHandler
                0x0800214c                SAI1_IRQHandler
                0x0800214c                DMA2_Channel3_IRQHandler
                0x0800214c                TIM1_BRK_TIM15_IRQHandler
 .text.HAL_Init
                0x0800214e       0x30 ./Drivers/STM32L4xx_HAL_Driver/Src/stm32l4xx_hal.o
                0x0800214e                HAL_Init
 *fill*         0x0800217e        0x2 
 .text.HAL_InitTick
                0x08002180       0x78 ./Drivers/STM32L4xx_HAL_Driver/Src/stm32l4xx_hal.o
                0x08002180                HAL_InitTick
 .text.HAL_IncTick
                0x080021f8       0x28 ./Drivers/STM32L4xx_HAL_Driver/Src/stm32l4xx_hal.o
                0x080021f8                HAL_IncTick
 .text.HAL_GetTick
                0x08002220       0x18 ./Drivers/STM32L4xx_HAL_Driver/Src/stm32l4xx_hal.o
                0x08002220                HAL_GetTick
 .text.HAL_Delay
                0x08002238       0x48 ./Drivers/STM32L4xx_HAL_Driver/Src/stm32l4xx_hal.o
                0x08002238                HAL_Delay
 .text.__NVIC_SetPriorityGrouping
                0x08002280       0x48 ./Drivers/STM32L4xx_HAL_Driver/Src/stm32l4xx_hal_cortex.o
 .text.__NVIC_GetPriorityGrouping
                0x080022c8       0x1c ./Drivers/STM32L4xx_HAL_Driver/Src/stm32l4xx_hal_cortex.o
 .text.__NVIC_EnableIRQ
                0x080022e4       0x3c ./Drivers/STM32L4xx_HAL_Driver/Src/stm32l4xx_hal_cortex.o
 .text.__NVIC_SetPriority
                0x08002320       0x54 ./Drivers/STM32L4xx_HAL_Driver/Src/stm32l4xx_hal_cortex.o
 .text.NVIC_EncodePriority
                0x08002374       0x66 ./Drivers/STM32L4xx_HAL_Driver/Src/stm32l4xx_hal_cortex.o
 *fill*         0x080023da        0x2 
 .text.SysTick_Config
                0x080023dc       0x44 ./Drivers/STM32L4xx_HAL_Driver/Src/stm32l4xx_hal_cortex.o
 .text.HAL_NVIC_SetPriorityGrouping
                0x08002420       0x16 ./Drivers/STM32L4xx_HAL_Driver/Src/stm32l4xx_hal_cortex.o
                0x08002420                HAL_NVIC_SetPriorityGrouping
 .text.HAL_NVIC_SetPriority
                0x08002436       0x38 ./Drivers/STM32L4xx_HAL_Driver/Src/stm32l4xx_hal_cortex.o
                0x08002436                HAL_NVIC_SetPriority
 .text.HAL_NVIC_EnableIRQ
                0x0800246e       0x1c ./Drivers/STM32L4xx_HAL_Driver/Src/stm32l4xx_hal_cortex.o
                0x0800246e                HAL_NVIC_EnableIRQ
 .text.HAL_SYSTICK_Config
                0x0800248a       0x18 ./Drivers/STM32L4xx_HAL_Driver/Src/stm32l4xx_hal_cortex.o
                0x0800248a                HAL_SYSTICK_Config
 *fill*         0x080024a2        0x2 
 .text.HAL_CRC_Init
                0x080024a4       0xc8 ./Drivers/STM32L4xx_HAL_Driver/Src/stm32l4xx_hal_crc.o
                0x080024a4                HAL_CRC_Init
 .text.HAL_CRCEx_Polynomial_Set
                0x0800256c      0x11c ./Drivers/STM32L4xx_HAL_Driver/Src/stm32l4xx_hal_crc_ex.o
                0x0800256c                HAL_CRCEx_Polynomial_Set
 .text.HAL_DMA_Abort
                0x08002688       0xb8 ./Drivers/STM32L4xx_HAL_Driver/Src/stm32l4xx_hal_dma.o
                0x08002688                HAL_DMA_Abort
 .text.HAL_DMA_Abort_IT
                0x08002740       0xbe ./Drivers/STM32L4xx_HAL_Driver/Src/stm32l4xx_hal_dma.o
                0x08002740                HAL_DMA_Abort_IT
 *fill*         0x080027fe        0x2 
 .text.HAL_GPIO_Init
                0x08002800      0x324 ./Drivers/STM32L4xx_HAL_Driver/Src/stm32l4xx_hal_gpio.o
                0x08002800                HAL_GPIO_Init
 .text.HAL_GPIO_ReadPin
                0x08002b24       0x30 ./Drivers/STM32L4xx_HAL_Driver/Src/stm32l4xx_hal_gpio.o
                0x08002b24                HAL_GPIO_ReadPin
 .text.HAL_GPIO_WritePin
                0x08002b54       0x30 ./Drivers/STM32L4xx_HAL_Driver/Src/stm32l4xx_hal_gpio.o
                0x08002b54                HAL_GPIO_WritePin
 .text.HAL_PWREx_GetVoltageRange
                0x08002b84       0x40 ./Drivers/STM32L4xx_HAL_Driver/Src/stm32l4xx_hal_pwr_ex.o
                0x08002b84                HAL_PWREx_GetVoltageRange
 .text.HAL_PWREx_ControlVoltageScaling
                0x08002bc4      0x148 ./Drivers/STM32L4xx_HAL_Driver/Src/stm32l4xx_hal_pwr_ex.o
                0x08002bc4                HAL_PWREx_ControlVoltageScaling
 .text.HAL_PWREx_EnableVddIO2
                0x08002d0c       0x20 ./Drivers/STM32L4xx_HAL_Driver/Src/stm32l4xx_hal_pwr_ex.o
                0x08002d0c                HAL_PWREx_EnableVddIO2
 .text.HAL_RCC_OscConfig
                0x08002d2c      0x834 ./Drivers/STM32L4xx_HAL_Driver/Src/stm32l4xx_hal_rcc.o
                0x08002d2c                HAL_RCC_OscConfig
 .text.HAL_RCC_ClockConfig
                0x08003560      0x274 ./Drivers/STM32L4xx_HAL_Driver/Src/stm32l4xx_hal_rcc.o
                0x08003560                HAL_RCC_ClockConfig
 .text.HAL_RCC_GetSysClockFreq
                0x080037d4      0x114 ./Drivers/STM32L4xx_HAL_Driver/Src/stm32l4xx_hal_rcc.o
                0x080037d4                HAL_RCC_GetSysClockFreq
 .text.HAL_RCC_GetHCLKFreq
                0x080038e8       0x18 ./Drivers/STM32L4xx_HAL_Driver/Src/stm32l4xx_hal_rcc.o
                0x080038e8                HAL_RCC_GetHCLKFreq
 .text.HAL_RCC_GetPCLK1Freq
                0x08003900       0x2c ./Drivers/STM32L4xx_HAL_Driver/Src/stm32l4xx_hal_rcc.o
                0x08003900                HAL_RCC_GetPCLK1Freq
 .text.HAL_RCC_GetPCLK2Freq
                0x0800392c       0x2c ./Drivers/STM32L4xx_HAL_Driver/Src/stm32l4xx_hal_rcc.o
                0x0800392c                HAL_RCC_GetPCLK2Freq
 .text.RCC_SetFlashLatencyFromMSIRange
                0x08003958       0xb4 ./Drivers/STM32L4xx_HAL_Driver/Src/stm32l4xx_hal_rcc.o
 .text.RCC_GetSysClockFreqFromPLLSource
                0x08003a0c       0xc8 ./Drivers/STM32L4xx_HAL_Driver/Src/stm32l4xx_hal_rcc.o
 .text.HAL_RCCEx_PeriphCLKConfig
                0x08003ad4      0x720 ./Drivers/STM32L4xx_HAL_Driver/Src/stm32l4xx_hal_rcc_ex.o
                0x08003ad4                HAL_RCCEx_PeriphCLKConfig
 .text.HAL_RCCEx_GetPeriphCLKFreq
                0x080041f4      0xe40 ./Drivers/STM32L4xx_HAL_Driver/Src/stm32l4xx_hal_rcc_ex.o
                0x080041f4                HAL_RCCEx_GetPeriphCLKFreq
 .text.RCCEx_PLLSAI1_Config
                0x08005034      0x1e8 ./Drivers/STM32L4xx_HAL_Driver/Src/stm32l4xx_hal_rcc_ex.o
 .text.RCCEx_PLLSAI2_Config
                0x0800521c      0x1e8 ./Drivers/STM32L4xx_HAL_Driver/Src/stm32l4xx_hal_rcc_ex.o
 .text.RCCEx_GetSAIxPeriphCLKFreq
                0x08005404      0x224 ./Drivers/STM32L4xx_HAL_Driver/Src/stm32l4xx_hal_rcc_ex.o
 .text.HAL_SD_Init
                0x08005628      0x122 ./Drivers/STM32L4xx_HAL_Driver/Src/stm32l4xx_hal_sd.o
                0x08005628                HAL_SD_Init
 *fill*         0x0800574a        0x2 
 .text.HAL_SD_InitCard
                0x0800574c      0x144 ./Drivers/STM32L4xx_HAL_Driver/Src/stm32l4xx_hal_sd.o
                0x0800574c                HAL_SD_InitCard
 .text.HAL_SD_ReadBlocks
                0x08005890      0x324 ./Drivers/STM32L4xx_HAL_Driver/Src/stm32l4xx_hal_sd.o
                0x08005890                HAL_SD_ReadBlocks
 .text.HAL_SD_WriteBlocks
                0x08005bb4      0x32c ./Drivers/STM32L4xx_HAL_Driver/Src/stm32l4xx_hal_sd.o
                0x08005bb4                HAL_SD_WriteBlocks
 .text.HAL_SD_IRQHandler
                0x08005ee0      0x36c ./Drivers/STM32L4xx_HAL_Driver/Src/stm32l4xx_hal_sd.o
                0x08005ee0                HAL_SD_IRQHandler
 .text.HAL_SD_ErrorCallback
                0x0800624c       0x14 ./Drivers/STM32L4xx_HAL_Driver/Src/stm32l4xx_hal_sd.o
                0x0800624c                HAL_SD_ErrorCallback
 .text.HAL_SD_GetCardCSD
                0x08006260      0x348 ./Drivers/STM32L4xx_HAL_Driver/Src/stm32l4xx_hal_sd.o
                0x08006260                HAL_SD_GetCardCSD
 .text.HAL_SD_GetCardStatus
                0x080065a8      0x16c ./Drivers/STM32L4xx_HAL_Driver/Src/stm32l4xx_hal_sd.o
                0x080065a8                HAL_SD_GetCardStatus
 .text.HAL_SD_GetCardInfo
                0x08006714       0x58 ./Drivers/STM32L4xx_HAL_Driver/Src/stm32l4xx_hal_sd.o
                0x08006714                HAL_SD_GetCardInfo
 .text.HAL_SD_ConfigWideBusOperation
                0x0800676c      0x228 ./Drivers/STM32L4xx_HAL_Driver/Src/stm32l4xx_hal_sd.o
                0x0800676c                HAL_SD_ConfigWideBusOperation
 .text.HAL_SD_GetCardState
                0x08006994       0x40 ./Drivers/STM32L4xx_HAL_Driver/Src/stm32l4xx_hal_sd.o
                0x08006994                HAL_SD_GetCardState
 .text.SD_InitCard
                0x080069d4      0x17e ./Drivers/STM32L4xx_HAL_Driver/Src/stm32l4xx_hal_sd.o
 *fill*         0x08006b52        0x2 
 .text.SD_PowerON
                0x08006b54      0x218 ./Drivers/STM32L4xx_HAL_Driver/Src/stm32l4xx_hal_sd.o
 .text.SD_SendSDStatus
                0x08006d6c      0x1a0 ./Drivers/STM32L4xx_HAL_Driver/Src/stm32l4xx_hal_sd.o
 .text.SD_SendStatus
                0x08006f0c       0x50 ./Drivers/STM32L4xx_HAL_Driver/Src/stm32l4xx_hal_sd.o
 .text.SD_WideBus_Enable
                0x08006f5c       0x96 ./Drivers/STM32L4xx_HAL_Driver/Src/stm32l4xx_hal_sd.o
 .text.SD_WideBus_Disable
                0x08006ff2       0x96 ./Drivers/STM32L4xx_HAL_Driver/Src/stm32l4xx_hal_sd.o
 .text.SD_FindSCR
                0x08007088      0x1a0 ./Drivers/STM32L4xx_HAL_Driver/Src/stm32l4xx_hal_sd.o
 .text.SD_Read_IT
                0x08007228       0xa2 ./Drivers/STM32L4xx_HAL_Driver/Src/stm32l4xx_hal_sd.o
 .text.SD_Write_IT
                0x080072ca       0xaa ./Drivers/STM32L4xx_HAL_Driver/Src/stm32l4xx_hal_sd.o
 .text.HAL_SDEx_DriveTransceiver_1_8V_Callback
                0x08007374       0x16 ./Drivers/STM32L4xx_HAL_Driver/Src/stm32l4xx_hal_sd_ex.o
                0x08007374                HAL_SDEx_DriveTransceiver_1_8V_Callback
 .text.HAL_SDEx_Read_DMADoubleBuffer0CpltCallback
                0x0800738a       0x14 ./Drivers/STM32L4xx_HAL_Driver/Src/stm32l4xx_hal_sd_ex.o
                0x0800738a                HAL_SDEx_Read_DMADoubleBuffer0CpltCallback
 .text.HAL_SDEx_Read_DMADoubleBuffer1CpltCallback
                0x0800739e       0x14 ./Drivers/STM32L4xx_HAL_Driver/Src/stm32l4xx_hal_sd_ex.o
                0x0800739e                HAL_SDEx_Read_DMADoubleBuffer1CpltCallback
 .text.HAL_SDEx_Write_DMADoubleBuffer0CpltCallback
                0x080073b2       0x14 ./Drivers/STM32L4xx_HAL_Driver/Src/stm32l4xx_hal_sd_ex.o
                0x080073b2                HAL_SDEx_Write_DMADoubleBuffer0CpltCallback
 .text.HAL_SDEx_Write_DMADoubleBuffer1CpltCallback
                0x080073c6       0x14 ./Drivers/STM32L4xx_HAL_Driver/Src/stm32l4xx_hal_sd_ex.o
                0x080073c6                HAL_SDEx_Write_DMADoubleBuffer1CpltCallback
 .text.HAL_TIM_Base_Init
                0x080073da       0xae ./Drivers/STM32L4xx_HAL_Driver/Src/stm32l4xx_hal_tim.o
                0x080073da                HAL_TIM_Base_Init
 .text.HAL_TIM_Base_Start
                0x08007488       0xd0 ./Drivers/STM32L4xx_HAL_Driver/Src/stm32l4xx_hal_tim.o
                0x08007488                HAL_TIM_Base_Start
 .text.HAL_TIM_ConfigClockSource
                0x08007558      0x192 ./Drivers/STM32L4xx_HAL_Driver/Src/stm32l4xx_hal_tim.o
                0x08007558                HAL_TIM_ConfigClockSource
 *fill*         0x080076ea        0x2 
 .text.TIM_Base_SetConfig
                0x080076ec      0x14c ./Drivers/STM32L4xx_HAL_Driver/Src/stm32l4xx_hal_tim.o
                0x080076ec                TIM_Base_SetConfig
 .text.TIM_TI1_ConfigInputStage
                0x08007838       0x5e ./Drivers/STM32L4xx_HAL_Driver/Src/stm32l4xx_hal_tim.o
 .text.TIM_TI2_ConfigInputStage
                0x08007896       0x60 ./Drivers/STM32L4xx_HAL_Driver/Src/stm32l4xx_hal_tim.o
 .text.TIM_ITRx_SetConfig
                0x080078f6       0x36 ./Drivers/STM32L4xx_HAL_Driver/Src/stm32l4xx_hal_tim.o
 .text.TIM_ETR_SetConfig
                0x0800792c       0x40 ./Drivers/STM32L4xx_HAL_Driver/Src/stm32l4xx_hal_tim.o
                0x0800792c                TIM_ETR_SetConfig
 .text.HAL_TIMEx_MasterConfigSynchronization
                0x0800796c      0x110 ./Drivers/STM32L4xx_HAL_Driver/Src/stm32l4xx_hal_tim_ex.o
                0x0800796c                HAL_TIMEx_MasterConfigSynchronization
 .text.HAL_UART_Init
                0x08007a7c       0xa0 ./Drivers/STM32L4xx_HAL_Driver/Src/stm32l4xx_hal_uart.o
                0x08007a7c                HAL_UART_Init
 .text.HAL_UART_IRQHandler
                0x08007b1c      0x684 ./Drivers/STM32L4xx_HAL_Driver/Src/stm32l4xx_hal_uart.o
                0x08007b1c                HAL_UART_IRQHandler
 .text.HAL_UART_TxCpltCallback
                0x080081a0       0x14 ./Drivers/STM32L4xx_HAL_Driver/Src/stm32l4xx_hal_uart.o
                0x080081a0                HAL_UART_TxCpltCallback
 .text.HAL_UART_ErrorCallback
                0x080081b4       0x14 ./Drivers/STM32L4xx_HAL_Driver/Src/stm32l4xx_hal_uart.o
                0x080081b4                HAL_UART_ErrorCallback
 .text.HAL_UARTEx_RxEventCallback
                0x080081c8       0x18 ./Drivers/STM32L4xx_HAL_Driver/Src/stm32l4xx_hal_uart.o
                0x080081c8                HAL_UARTEx_RxEventCallback
 .text.UART_SetConfig
                0x080081e0      0x5f8 ./Drivers/STM32L4xx_HAL_Driver/Src/stm32l4xx_hal_uart.o
                0x080081e0                UART_SetConfig
 .text.UART_AdvFeatureConfig
                0x080087d8      0x144 ./Drivers/STM32L4xx_HAL_Driver/Src/stm32l4xx_hal_uart.o
                0x080087d8                UART_AdvFeatureConfig
 .text.UART_CheckIdleState
                0x0800891c      0x154 ./Drivers/STM32L4xx_HAL_Driver/Src/stm32l4xx_hal_uart.o
                0x0800891c                UART_CheckIdleState
 .text.UART_WaitOnFlagUntilTimeout
                0x08008a70       0xda ./Drivers/STM32L4xx_HAL_Driver/Src/stm32l4xx_hal_uart.o
                0x08008a70                UART_WaitOnFlagUntilTimeout
 .text.UART_EndRxTransfer
                0x08008b4a       0xcc ./Drivers/STM32L4xx_HAL_Driver/Src/stm32l4xx_hal_uart.o
 .text.UART_DMAAbortOnError
                0x08008c16       0x2c ./Drivers/STM32L4xx_HAL_Driver/Src/stm32l4xx_hal_uart.o
 .text.UART_EndTransmit_IT
                0x08008c42       0x56 ./Drivers/STM32L4xx_HAL_Driver/Src/stm32l4xx_hal_uart.o
 .text.HAL_UARTEx_WakeupCallback
                0x08008c98       0x14 ./Drivers/STM32L4xx_HAL_Driver/Src/stm32l4xx_hal_uart_ex.o
                0x08008c98                HAL_UARTEx_WakeupCallback
 .text.HAL_UARTEx_RxFifoFullCallback
                0x08008cac       0x14 ./Drivers/STM32L4xx_HAL_Driver/Src/stm32l4xx_hal_uart_ex.o
                0x08008cac                HAL_UARTEx_RxFifoFullCallback
 .text.HAL_UARTEx_TxFifoEmptyCallback
                0x08008cc0       0x14 ./Drivers/STM32L4xx_HAL_Driver/Src/stm32l4xx_hal_uart_ex.o
                0x08008cc0                HAL_UARTEx_TxFifoEmptyCallback
 .text.HAL_UARTEx_DisableFifoMode
                0x08008cd4       0x72 ./Drivers/STM32L4xx_HAL_Driver/Src/stm32l4xx_hal_uart_ex.o
                0x08008cd4                HAL_UARTEx_DisableFifoMode
 .text.HAL_UARTEx_SetTxFifoThreshold
                0x08008d46       0x7c ./Drivers/STM32L4xx_HAL_Driver/Src/stm32l4xx_hal_uart_ex.o
                0x08008d46                HAL_UARTEx_SetTxFifoThreshold
 .text.HAL_UARTEx_SetRxFifoThreshold
                0x08008dc2       0x7c ./Drivers/STM32L4xx_HAL_Driver/Src/stm32l4xx_hal_uart_ex.o
                0x08008dc2                HAL_UARTEx_SetRxFifoThreshold
 *fill*         0x08008e3e        0x2 
 .text.UARTEx_SetNbDataToProcess
                0x08008e40       0x9c ./Drivers/STM32L4xx_HAL_Driver/Src/stm32l4xx_hal_uart_ex.o
 .text.SDMMC_Init
                0x08008edc       0x54 ./Drivers/STM32L4xx_HAL_Driver/Src/stm32l4xx_ll_sdmmc.o
                0x08008edc                SDMMC_Init
 .text.SDMMC_ReadFIFO
                0x08008f30       0x1a ./Drivers/STM32L4xx_HAL_Driver/Src/stm32l4xx_ll_sdmmc.o
                0x08008f30                SDMMC_ReadFIFO
 .text.SDMMC_WriteFIFO
                0x08008f4a       0x22 ./Drivers/STM32L4xx_HAL_Driver/Src/stm32l4xx_ll_sdmmc.o
                0x08008f4a                SDMMC_WriteFIFO
 .text.SDMMC_PowerState_ON
                0x08008f6c       0x24 ./Drivers/STM32L4xx_HAL_Driver/Src/stm32l4xx_ll_sdmmc.o
                0x08008f6c                SDMMC_PowerState_ON
 .text.SDMMC_GetPowerState
                0x08008f90       0x1c ./Drivers/STM32L4xx_HAL_Driver/Src/stm32l4xx_ll_sdmmc.o
                0x08008f90                SDMMC_GetPowerState
 .text.SDMMC_SendCommand
                0x08008fac       0x54 ./Drivers/STM32L4xx_HAL_Driver/Src/stm32l4xx_ll_sdmmc.o
                0x08008fac                SDMMC_SendCommand
 .text.SDMMC_GetCommandResponse
                0x08009000       0x1a ./Drivers/STM32L4xx_HAL_Driver/Src/stm32l4xx_ll_sdmmc.o
                0x08009000                SDMMC_GetCommandResponse
 .text.SDMMC_GetResponse
                0x0800901a       0x26 ./Drivers/STM32L4xx_HAL_Driver/Src/stm32l4xx_ll_sdmmc.o
                0x0800901a                SDMMC_GetResponse
 .text.SDMMC_ConfigData
                0x08009040       0x58 ./Drivers/STM32L4xx_HAL_Driver/Src/stm32l4xx_ll_sdmmc.o
                0x08009040                SDMMC_ConfigData
 .text.SDMMC_CmdBlockLength
                0x08009098       0x46 ./Drivers/STM32L4xx_HAL_Driver/Src/stm32l4xx_ll_sdmmc.o
                0x08009098                SDMMC_CmdBlockLength
 .text.SDMMC_CmdReadSingleBlock
                0x080090de       0x46 ./Drivers/STM32L4xx_HAL_Driver/Src/stm32l4xx_ll_sdmmc.o
                0x080090de                SDMMC_CmdReadSingleBlock
 .text.SDMMC_CmdReadMultiBlock
                0x08009124       0x46 ./Drivers/STM32L4xx_HAL_Driver/Src/stm32l4xx_ll_sdmmc.o
                0x08009124                SDMMC_CmdReadMultiBlock
 .text.SDMMC_CmdWriteSingleBlock
                0x0800916a       0x46 ./Drivers/STM32L4xx_HAL_Driver/Src/stm32l4xx_ll_sdmmc.o
                0x0800916a                SDMMC_CmdWriteSingleBlock
 .text.SDMMC_CmdWriteMultiBlock
                0x080091b0       0x46 ./Drivers/STM32L4xx_HAL_Driver/Src/stm32l4xx_ll_sdmmc.o
                0x080091b0                SDMMC_CmdWriteMultiBlock
 *fill*         0x080091f6        0x2 
 .text.SDMMC_CmdStopTransfer
                0x080091f8       0x6c ./Drivers/STM32L4xx_HAL_Driver/Src/stm32l4xx_ll_sdmmc.o
                0x080091f8                SDMMC_CmdStopTransfer
 .text.SDMMC_CmdSelDesel
                0x08009264       0x48 ./Drivers/STM32L4xx_HAL_Driver/Src/stm32l4xx_ll_sdmmc.o
                0x08009264                SDMMC_CmdSelDesel
 .text.SDMMC_CmdGoIdleState
                0x080092ac       0x3c ./Drivers/STM32L4xx_HAL_Driver/Src/stm32l4xx_ll_sdmmc.o
                0x080092ac                SDMMC_CmdGoIdleState
 .text.SDMMC_CmdOperCond
                0x080092e8       0x40 ./Drivers/STM32L4xx_HAL_Driver/Src/stm32l4xx_ll_sdmmc.o
                0x080092e8                SDMMC_CmdOperCond
 .text.SDMMC_CmdAppCommand
                0x08009328       0x46 ./Drivers/STM32L4xx_HAL_Driver/Src/stm32l4xx_ll_sdmmc.o
                0x08009328                SDMMC_CmdAppCommand
 .text.SDMMC_CmdAppOperCommand
                0x0800936e       0x40 ./Drivers/STM32L4xx_HAL_Driver/Src/stm32l4xx_ll_sdmmc.o
                0x0800936e                SDMMC_CmdAppOperCommand
 .text.SDMMC_CmdBusWidth
                0x080093ae       0x46 ./Drivers/STM32L4xx_HAL_Driver/Src/stm32l4xx_ll_sdmmc.o
                0x080093ae                SDMMC_CmdBusWidth
 .text.SDMMC_CmdSendSCR
                0x080093f4       0x44 ./Drivers/STM32L4xx_HAL_Driver/Src/stm32l4xx_ll_sdmmc.o
                0x080093f4                SDMMC_CmdSendSCR
 .text.SDMMC_CmdSendCID
                0x08009438       0x3e ./Drivers/STM32L4xx_HAL_Driver/Src/stm32l4xx_ll_sdmmc.o
                0x08009438                SDMMC_CmdSendCID
 .text.SDMMC_CmdSendCSD
                0x08009476       0x40 ./Drivers/STM32L4xx_HAL_Driver/Src/stm32l4xx_ll_sdmmc.o
                0x08009476                SDMMC_CmdSendCSD
 .text.SDMMC_CmdSetRelAdd
                0x080094b6       0x44 ./Drivers/STM32L4xx_HAL_Driver/Src/stm32l4xx_ll_sdmmc.o
                0x080094b6                SDMMC_CmdSetRelAdd
 .text.SDMMC_CmdSendStatus
                0x080094fa       0x46 ./Drivers/STM32L4xx_HAL_Driver/Src/stm32l4xx_ll_sdmmc.o
                0x080094fa                SDMMC_CmdSendStatus
 .text.SDMMC_CmdStatusRegister
                0x08009540       0x44 ./Drivers/STM32L4xx_HAL_Driver/Src/stm32l4xx_ll_sdmmc.o
                0x08009540                SDMMC_CmdStatusRegister
 .text.SDMMC_CmdVoltageSwitch
                0x08009584       0x44 ./Drivers/STM32L4xx_HAL_Driver/Src/stm32l4xx_ll_sdmmc.o
                0x08009584                SDMMC_CmdVoltageSwitch
 .text.SDMMC_GetCmdResp1
                0x080095c8      0x1e4 ./Drivers/STM32L4xx_HAL_Driver/Src/stm32l4xx_ll_sdmmc.o
                0x080095c8                SDMMC_GetCmdResp1
 .text.SDMMC_GetCmdResp2
                0x080097ac       0x94 ./Drivers/STM32L4xx_HAL_Driver/Src/stm32l4xx_ll_sdmmc.o
                0x080097ac                SDMMC_GetCmdResp2
 .text.SDMMC_GetCmdResp3
                0x08009840       0x80 ./Drivers/STM32L4xx_HAL_Driver/Src/stm32l4xx_ll_sdmmc.o
                0x08009840                SDMMC_GetCmdResp3
 .text.SDMMC_GetCmdResp6
                0x080098c0       0xf0 ./Drivers/STM32L4xx_HAL_Driver/Src/stm32l4xx_ll_sdmmc.o
                0x080098c0                SDMMC_GetCmdResp6
 .text.SDMMC_GetCmdResp7
                0x080099b0       0x9c ./Drivers/STM32L4xx_HAL_Driver/Src/stm32l4xx_ll_sdmmc.o
                0x080099b0                SDMMC_GetCmdResp7
 .text.SDMMC_GetCmdError
                0x08009a4c       0x5c ./Drivers/STM32L4xx_HAL_Driver/Src/stm32l4xx_ll_sdmmc.o
 .text.MX_FATFS_Init
                0x08009aa8       0x24 ./FATFS/App/fatfs.o
                0x08009aa8                MX_FATFS_Init
 .text.get_fattime
                0x08009acc       0x10 ./FATFS/App/fatfs.o
                0x08009acc                get_fattime
 .text.BSP_SD_Init
                0x08009adc       0x4c ./FATFS/Target/bsp_driver_sd.o
                0x08009adc                BSP_SD_Init
 .text.BSP_SD_ReadBlocks
                0x08009b28       0x3c ./FATFS/Target/bsp_driver_sd.o
                0x08009b28                BSP_SD_ReadBlocks
 .text.BSP_SD_WriteBlocks
                0x08009b64       0x3c ./FATFS/Target/bsp_driver_sd.o
                0x08009b64                BSP_SD_WriteBlocks
 .text.BSP_SD_GetCardState
                0x08009ba0       0x20 ./FATFS/Target/bsp_driver_sd.o
                0x08009ba0                BSP_SD_GetCardState
 .text.BSP_SD_GetCardInfo
                0x08009bc0       0x1c ./FATFS/Target/bsp_driver_sd.o
                0x08009bc0                BSP_SD_GetCardInfo
 .text.HAL_SD_TxCpltCallback
                0x08009bdc       0x14 ./FATFS/Target/bsp_driver_sd.o
                0x08009bdc                HAL_SD_TxCpltCallback
 .text.HAL_SD_RxCpltCallback
                0x08009bf0       0x14 ./FATFS/Target/bsp_driver_sd.o
                0x08009bf0                HAL_SD_RxCpltCallback
 .text.BSP_SD_WriteCpltCallback
                0x08009c04        0xe ./FATFS/Target/bsp_driver_sd.o
                0x08009c04                BSP_SD_WriteCpltCallback
 .text.BSP_SD_ReadCpltCallback
                0x08009c12        0xe ./FATFS/Target/bsp_driver_sd.o
                0x08009c12                BSP_SD_ReadCpltCallback
 .text.BSP_SD_IsDetected
                0x08009c20       0x24 ./FATFS/Target/bsp_driver_sd.o
                0x08009c20                BSP_SD_IsDetected
 .text.BSP_PlatformIsDetected
                0x08009c44       0x2c ./FATFS/Target/fatfs_platform.o
                0x08009c44                BSP_PlatformIsDetected
 .text.SD_CheckStatus
                0x08009c70       0x3c ./FATFS/Target/sd_diskio.o
 .text.SD_initialize
                0x08009cac       0x3c ./FATFS/Target/sd_diskio.o
                0x08009cac                SD_initialize
 .text.SD_status
                0x08009ce8       0x1c ./FATFS/Target/sd_diskio.o
                0x08009ce8                SD_status
 .text.SD_read  0x08009d04       0x42 ./FATFS/Target/sd_diskio.o
                0x08009d04                SD_read
 .text.SD_write
                0x08009d46       0x42 ./FATFS/Target/sd_diskio.o
                0x08009d46                SD_write
 .text.SD_ioctl
                0x08009d88       0xb0 ./FATFS/Target/sd_diskio.o
                0x08009d88                SD_ioctl
 .text.disk_status
                0x08009e38       0x34 ./Middlewares/Third_Party/FatFs/src/diskio.o
                0x08009e38                disk_status
 .text.disk_initialize
                0x08009e6c       0x4c ./Middlewares/Third_Party/FatFs/src/diskio.o
                0x08009e6c                disk_initialize
 .text.disk_read
                0x08009eb8       0x40 ./Middlewares/Third_Party/FatFs/src/diskio.o
                0x08009eb8                disk_read
 .text.disk_write
                0x08009ef8       0x40 ./Middlewares/Third_Party/FatFs/src/diskio.o
                0x08009ef8                disk_write
 .text.disk_ioctl
                0x08009f38       0x3c ./Middlewares/Third_Party/FatFs/src/diskio.o
                0x08009f38                disk_ioctl
 .text.ld_word  0x08009f74       0x30 ./Middlewares/Third_Party/FatFs/src/ff.o
 .text.ld_dword
                0x08009fa4       0x46 ./Middlewares/Third_Party/FatFs/src/ff.o
 .text.st_word  0x08009fea       0x36 ./Middlewares/Third_Party/FatFs/src/ff.o
 .text.st_dword
                0x0800a020       0x58 ./Middlewares/Third_Party/FatFs/src/ff.o
 .text.mem_cpy  0x0800a078       0x42 ./Middlewares/Third_Party/FatFs/src/ff.o
 .text.mem_set  0x0800a0ba       0x36 ./Middlewares/Third_Party/FatFs/src/ff.o
 .text.mem_cmp  0x0800a0f0       0x4e ./Middlewares/Third_Party/FatFs/src/ff.o
 .text.chk_chr  0x0800a13e       0x36 ./Middlewares/Third_Party/FatFs/src/ff.o
 .text.chk_lock
                0x0800a174       0xb8 ./Middlewares/Third_Party/FatFs/src/ff.o
 .text.enq_lock
                0x0800a22c       0x44 ./Middlewares/Third_Party/FatFs/src/ff.o
 .text.inc_lock
                0x0800a270      0x11c ./Middlewares/Third_Party/FatFs/src/ff.o
 .text.dec_lock
                0x0800a38c       0x78 ./Middlewares/Third_Party/FatFs/src/ff.o
 .text.clear_lock
                0x0800a404       0x48 ./Middlewares/Third_Party/FatFs/src/ff.o
 .text.sync_window
                0x0800a44c       0x88 ./Middlewares/Third_Party/FatFs/src/ff.o
 .text.move_window
                0x0800a4d4       0x5a ./Middlewares/Third_Party/FatFs/src/ff.o
 *fill*         0x0800a52e        0x2 
 .text.sync_fs  0x0800a530       0xdc ./Middlewares/Third_Party/FatFs/src/ff.o
 .text.clust2sect
                0x0800a60c       0x3e ./Middlewares/Third_Party/FatFs/src/ff.o
 .text.get_fat  0x0800a64a      0x14e ./Middlewares/Third_Party/FatFs/src/ff.o
 .text.put_fat  0x0800a798      0x1d4 ./Middlewares/Third_Party/FatFs/src/ff.o
 .text.remove_chain
                0x0800a96c       0xca ./Middlewares/Third_Party/FatFs/src/ff.o
 .text.create_chain
                0x0800aa36      0x130 ./Middlewares/Third_Party/FatFs/src/ff.o
 .text.clmt_clust
                0x0800ab66       0x68 ./Middlewares/Third_Party/FatFs/src/ff.o
 .text.dir_sdi  0x0800abce       0xf6 ./Middlewares/Third_Party/FatFs/src/ff.o
 .text.dir_next
                0x0800acc4      0x18a ./Middlewares/Third_Party/FatFs/src/ff.o
 .text.dir_alloc
                0x0800ae4e       0x8e ./Middlewares/Third_Party/FatFs/src/ff.o
 .text.ld_clust
                0x0800aedc       0x3e ./Middlewares/Third_Party/FatFs/src/ff.o
 .text.st_clust
                0x0800af1a       0x40 ./Middlewares/Third_Party/FatFs/src/ff.o
 .text.dir_find
                0x0800af5a       0xaa ./Middlewares/Third_Party/FatFs/src/ff.o
 .text.dir_register
                0x0800b004       0x64 ./Middlewares/Third_Party/FatFs/src/ff.o
 .text.create_name
                0x0800b068      0x128 ./Middlewares/Third_Party/FatFs/src/ff.o
 .text.follow_path
                0x0800b190       0xe2 ./Middlewares/Third_Party/FatFs/src/ff.o
 .text.get_ldnumber
                0x0800b272       0x88 ./Middlewares/Third_Party/FatFs/src/ff.o
 *fill*         0x0800b2fa        0x2 
 .text.check_fs
                0x0800b2fc       0xac ./Middlewares/Third_Party/FatFs/src/ff.o
 .text.find_volume
                0x0800b3a8      0x498 ./Middlewares/Third_Party/FatFs/src/ff.o
 .text.validate
                0x0800b840       0x6a ./Middlewares/Third_Party/FatFs/src/ff.o
 *fill*         0x0800b8aa        0x2 
 .text.f_mount  0x0800b8ac       0x8c ./Middlewares/Third_Party/FatFs/src/ff.o
                0x0800b8ac                f_mount
 .text.f_open   0x0800b938      0x374 ./Middlewares/Third_Party/FatFs/src/ff.o
                0x0800b938                f_open
 .text.f_read   0x0800bcac      0x27e ./Middlewares/Third_Party/FatFs/src/ff.o
                0x0800bcac                f_read
 .text.f_write  0x0800bf2a      0x2ea ./Middlewares/Third_Party/FatFs/src/ff.o
                0x0800bf2a                f_write
 .text.f_sync   0x0800c214       0xfc ./Middlewares/Third_Party/FatFs/src/ff.o
                0x0800c214                f_sync
 .text.f_close  0x0800c310       0x54 ./Middlewares/Third_Party/FatFs/src/ff.o
                0x0800c310                f_close
 .text.f_lseek  0x0800c364      0x412 ./Middlewares/Third_Party/FatFs/src/ff.o
                0x0800c364                f_lseek
 *fill*         0x0800c776        0x2 
 .text.FATFS_LinkDriverEx
                0x0800c778       0x98 ./Middlewares/Third_Party/FatFs/src/ff_gen_drv.o
                0x0800c778                FATFS_LinkDriverEx
 .text.FATFS_LinkDriver
                0x0800c810       0x1e ./Middlewares/Third_Party/FatFs/src/ff_gen_drv.o
                0x0800c810                FATFS_LinkDriver
 *fill*         0x0800c82e        0x2 
 .text.network_configure_activations
                0x0800c830       0xcc ./X-CUBE-AI/App/network.o
 .text.network_configure_weights
                0x0800c8fc      0x120 ./X-CUBE-AI/App/network.o
 .text.ai_network_get_error
                0x0800ca1c       0x18 ./X-CUBE-AI/App/network.o
                0x0800ca1c                ai_network_get_error
 .text.ai_network_create
                0x0800ca34       0x2c ./X-CUBE-AI/App/network.o
                0x0800ca34                ai_network_create
 .text.ai_network_create_and_init
                0x0800ca60       0xfc ./X-CUBE-AI/App/network.o
                0x0800ca60                ai_network_create_and_init
 .text.ai_network_inputs_get
                0x0800cb5c       0x34 ./X-CUBE-AI/App/network.o
                0x0800cb5c                ai_network_inputs_get
 .text.ai_network_outputs_get
                0x0800cb90       0x34 ./X-CUBE-AI/App/network.o
                0x0800cb90                ai_network_outputs_get
 .text.ai_network_init
                0x0800cbc4       0x78 ./X-CUBE-AI/App/network.o
                0x0800cbc4                ai_network_init
 .text.ai_network_run
                0x0800cc3c       0x20 ./X-CUBE-AI/App/network.o
                0x0800cc3c                ai_network_run
 .text.ai_network_data_params_get
                0x0800cc5c       0x50 ./X-CUBE-AI/App/network_data.o
                0x0800cc5c                ai_network_data_params_get
 .text.ai_buffer_get_size
                0x0800ccac       0x68 ../Middlewares/ST/AI/Lib\NetworkRuntime1000_CM4_GCC.a(ai_platform.o)
                0x0800ccac                ai_buffer_get_size
 .text.ai_buffer_array_sane
                0x0800cd14       0x14 ../Middlewares/ST/AI/Lib\NetworkRuntime1000_CM4_GCC.a(ai_platform.o)
                0x0800cd14                ai_buffer_array_sane
 .text.ai_buffer_array_item_set_address
                0x0800cd28       0x20 ../Middlewares/ST/AI/Lib\NetworkRuntime1000_CM4_GCC.a(ai_platform.o)
                0x0800cd28                ai_buffer_array_item_set_address
 .text.ai_platform_get_weights_map
                0x0800cd48       0xa8 ../Middlewares/ST/AI/Lib\NetworkRuntime1000_CM4_GCC.a(ai_platform_interface.o)
                0x0800cd48                ai_platform_get_weights_map
 .text.ai_platform_get_activations_map
                0x0800cdf0       0xa8 ../Middlewares/ST/AI/Lib\NetworkRuntime1000_CM4_GCC.a(ai_platform_interface.o)
                0x0800cdf0                ai_platform_get_activations_map
 .text.ai_platform_bind_network_params
                0x0800ce98       0x44 ../Middlewares/ST/AI/Lib\NetworkRuntime1000_CM4_GCC.a(ai_platform_interface.o)
                0x0800ce98                ai_platform_bind_network_params
 .text.ai_platform_network_get_error
                0x0800cedc       0x18 ../Middlewares/ST/AI/Lib\NetworkRuntime1000_CM4_GCC.a(ai_platform_interface.o)
                0x0800cedc                ai_platform_network_get_error
 .text.ai_platform_network_set_error
                0x0800cef4        0xc ../Middlewares/ST/AI/Lib\NetworkRuntime1000_CM4_GCC.a(ai_platform_interface.o)
                0x0800cef4                ai_platform_network_set_error
 .text.ai_platform_inputs_get
                0x0800cf00       0xec ../Middlewares/ST/AI/Lib\NetworkRuntime1000_CM4_GCC.a(ai_platform_interface.o)
                0x0800cf00                ai_platform_inputs_get
 .text.ai_platform_outputs_get
                0x0800cfec       0xe8 ../Middlewares/ST/AI/Lib\NetworkRuntime1000_CM4_GCC.a(ai_platform_interface.o)
                0x0800cfec                ai_platform_outputs_get
 .text.ai_platform_network_create
                0x0800d0d4       0x84 ../Middlewares/ST/AI/Lib\NetworkRuntime1000_CM4_GCC.a(ai_platform_interface.o)
                0x0800d0d4                ai_platform_network_create
 .text.ai_platform_network_init
                0x0800d158      0x19c ../Middlewares/ST/AI/Lib\NetworkRuntime1000_CM4_GCC.a(ai_platform_interface.o)
                0x0800d158                ai_platform_network_init
 .text.ai_platform_network_post_init
                0x0800d2f4       0x60 ../Middlewares/ST/AI/Lib\NetworkRuntime1000_CM4_GCC.a(ai_platform_interface.o)
                0x0800d2f4                ai_platform_network_post_init
 .text.ai_platform_network_process
                0x0800d354      0x480 ../Middlewares/ST/AI/Lib\NetworkRuntime1000_CM4_GCC.a(ai_platform_interface.o)
                0x0800d354                ai_platform_network_process
 .text.core_init
                0x0800d7d4        0x4 ../Middlewares/ST/AI/Lib\NetworkRuntime1000_CM4_GCC.a(core_common.o)
                0x0800d7d4                core_init
 .text.core_get_error
                0x0800d7d8        0xc ../Middlewares/ST/AI/Lib\NetworkRuntime1000_CM4_GCC.a(core_common.o)
                0x0800d7d8                core_get_error
 .text.core_set_error
                0x0800d7e4       0x18 ../Middlewares/ST/AI/Lib\NetworkRuntime1000_CM4_GCC.a(core_common.o)
                0x0800d7e4                core_set_error
 .text.ai_check_custom_types
                0x0800d7fc       0x54 ../Middlewares/ST/AI/Lib\NetworkRuntime1000_CM4_GCC.a(layers.o)
                0x0800d7fc                ai_check_custom_types
 .text.ai_layers_init_all
                0x0800d850       0x1c ../Middlewares/ST/AI/Lib\NetworkRuntime1000_CM4_GCC.a(layers.o)
                0x0800d850                ai_layers_init_all
 .text.ai_layers_post_init_all
                0x0800d86c       0x28 ../Middlewares/ST/AI/Lib\NetworkRuntime1000_CM4_GCC.a(layers.o)
                0x0800d86c                ai_layers_post_init_all
 .text.ai_layers_forward_all
                0x0800d894       0x94 ../Middlewares/ST/AI/Lib\NetworkRuntime1000_CM4_GCC.a(layers.o)
                0x0800d894                ai_layers_forward_all
 .text.forward_dense
                0x0800d928       0xfc ../Middlewares/ST/AI/Lib\NetworkRuntime1000_CM4_GCC.a(layers_conv2d_generic_float.o)
                0x0800d928                forward_dense
 .text.forward_relu
                0x0800da24      0x138 ../Middlewares/ST/AI/Lib\NetworkRuntime1000_CM4_GCC.a(layers_nl_generic_float.o)
                0x0800da24                forward_relu
 .text.forward_lite_nl_relu_generic_if32of32_kernel
                0x0800db5c       0xfc ../Middlewares/ST/AI/Lib\NetworkRuntime1000_CM4_GCC.a(lite_nl_relu_if32of32.o)
                0x0800db5c                forward_lite_nl_relu_generic_if32of32_kernel
 .text.forward_lite_dense_if32of32wf32
                0x0800dc58      0x2b4 ../Middlewares/ST/AI/Lib\NetworkRuntime1000_CM4_GCC.a(lite_dense_if32.o)
                0x0800dc58                forward_lite_dense_if32of32wf32
 .text.forward_lite_dense_if32of32wf32_lut4
                0x0800df0c      0x250 ../Middlewares/ST/AI/Lib\NetworkRuntime1000_CM4_GCC.a(lite_dense_if32.o)
                0x0800df0c                forward_lite_dense_if32of32wf32_lut4
 .text.forward_lite_dense_if32of32wf32_lut8
                0x0800e15c      0x25c ../Middlewares/ST/AI/Lib\NetworkRuntime1000_CM4_GCC.a(lite_dense_if32.o)
                0x0800e15c                forward_lite_dense_if32of32wf32_lut8
 .text.st_int8_copy
                0x0800e3b8      0x144 ../Middlewares/ST/AI/Lib\NetworkRuntime1000_CM4_GCC.a(st_int8_fill.o)
                0x0800e3b8                st_int8_copy
 .text.ai_array_to_buffer_fmt
                0x0800e4fc       0xe0 ../Middlewares/ST/AI/Lib\NetworkRuntime1000_CM4_GCC.a(ai_datatypes_format.o)
                0x0800e4fc                ai_array_to_buffer_fmt
 .text.ai_array_get_data_byte_size
                0x0800e5dc       0x24 ../Middlewares/ST/AI/Lib\NetworkRuntime1000_CM4_GCC.a(ai_datatypes_format.o)
                0x0800e5dc                ai_array_get_data_byte_size
 .text.ai_version_get
                0x0800e600        0xc ../Middlewares/ST/AI/Lib\NetworkRuntime1000_CM4_GCC.a(ai_datatypes_internal.o)
                0x0800e600                ai_version_get
 .text.get_tensor_byte_size
                0x0800e60c       0x30 ../Middlewares/ST/AI/Lib\NetworkRuntime1000_CM4_GCC.a(ai_datatypes_internal.o)
                0x0800e60c                get_tensor_byte_size
 .text.malloc   0x0800e63c       0x10 C:/Users/enric/STM32CubeIDE_1.15.1/STM32CubeIDE/plugins/com.st.stm32cube.ide.mcu.externaltools.gnu-tools-for-stm32.12.3.rel1.win32_1.1.0.202410251130/tools/bin/../lib/gcc/arm-none-eabi/12.3.1/../../../../arm-none-eabi/lib/thumb/v7e-m+fp/hard\libc_nano.a(libc_a-malloc.o)
                0x0800e63c                malloc
 .text.free     0x0800e64c       0x10 C:/Users/enric/STM32CubeIDE_1.15.1/STM32CubeIDE/plugins/com.st.stm32cube.ide.mcu.externaltools.gnu-tools-for-stm32.12.3.rel1.win32_1.1.0.202410251130/tools/bin/../lib/gcc/arm-none-eabi/12.3.1/../../../../arm-none-eabi/lib/thumb/v7e-m+fp/hard\libc_nano.a(libc_a-malloc.o)
                0x0800e64c                free
 .text.sbrk_aligned
                0x0800e65c       0x44 C:/Users/enric/STM32CubeIDE_1.15.1/STM32CubeIDE/plugins/com.st.stm32cube.ide.mcu.externaltools.gnu-tools-for-stm32.12.3.rel1.win32_1.1.0.202410251130/tools/bin/../lib/gcc/arm-none-eabi/12.3.1/../../../../arm-none-eabi/lib/thumb/v7e-m+fp/hard\libc_nano.a(libc_a-mallocr.o)
 .text._malloc_r
                0x0800e6a0      0x100 C:/Users/enric/STM32CubeIDE_1.15.1/STM32CubeIDE/plugins/com.st.stm32cube.ide.mcu.externaltools.gnu-tools-for-stm32.12.3.rel1.win32_1.1.0.202410251130/tools/bin/../lib/gcc/arm-none-eabi/12.3.1/../../../../arm-none-eabi/lib/thumb/v7e-m+fp/hard\libc_nano.a(libc_a-mallocr.o)
                0x0800e6a0                _malloc_r
 .text.__malloc_lock
                0x0800e7a0        0xc C:/Users/enric/STM32CubeIDE_1.15.1/STM32CubeIDE/plugins/com.st.stm32cube.ide.mcu.externaltools.gnu-tools-for-stm32.12.3.rel1.win32_1.1.0.202410251130/tools/bin/../lib/gcc/arm-none-eabi/12.3.1/../../../../arm-none-eabi/lib/thumb/v7e-m+fp/hard\libc_nano.a(libc_a-mlock.o)
                0x0800e7a0                __malloc_lock
 .text.__malloc_unlock
                0x0800e7ac        0xc C:/Users/enric/STM32CubeIDE_1.15.1/STM32CubeIDE/plugins/com.st.stm32cube.ide.mcu.externaltools.gnu-tools-for-stm32.12.3.rel1.win32_1.1.0.202410251130/tools/bin/../lib/gcc/arm-none-eabi/12.3.1/../../../../arm-none-eabi/lib/thumb/v7e-m+fp/hard\libc_nano.a(libc_a-mlock.o)
                0x0800e7ac                __malloc_unlock
 .text._realloc_r
                0x0800e7b8       0x5c C:/Users/enric/STM32CubeIDE_1.15.1/STM32CubeIDE/plugins/com.st.stm32cube.ide.mcu.externaltools.gnu-tools-for-stm32.12.3.rel1.win32_1.1.0.202410251130/tools/bin/../lib/gcc/arm-none-eabi/12.3.1/../../../../arm-none-eabi/lib/thumb/v7e-m+fp/hard\libc_nano.a(libc_a-reallocr.o)
                0x0800e7b8                _realloc_r
 .text.sprintf  0x0800e814       0x40 C:/Users/enric/STM32CubeIDE_1.15.1/STM32CubeIDE/plugins/com.st.stm32cube.ide.mcu.externaltools.gnu-tools-for-stm32.12.3.rel1.win32_1.1.0.202410251130/tools/bin/../lib/gcc/arm-none-eabi/12.3.1/../../../../arm-none-eabi/lib/thumb/v7e-m+fp/hard\libc_nano.a(libc_a-sprintf.o)
                0x0800e814                siprintf
                0x0800e814                sprintf
 .text.memset   0x0800e854       0x10 C:/Users/enric/STM32CubeIDE_1.15.1/STM32CubeIDE/plugins/com.st.stm32cube.ide.mcu.externaltools.gnu-tools-for-stm32.12.3.rel1.win32_1.1.0.202410251130/tools/bin/../lib/gcc/arm-none-eabi/12.3.1/../../../../arm-none-eabi/lib/thumb/v7e-m+fp/hard\libc_nano.a(libc_a-memset.o)
                0x0800e854                memset
 .text._sbrk_r  0x0800e864       0x20 C:/Users/enric/STM32CubeIDE_1.15.1/STM32CubeIDE/plugins/com.st.stm32cube.ide.mcu.externaltools.gnu-tools-for-stm32.12.3.rel1.win32_1.1.0.202410251130/tools/bin/../lib/gcc/arm-none-eabi/12.3.1/../../../../arm-none-eabi/lib/thumb/v7e-m+fp/hard\libc_nano.a(libc_a-sbrkr.o)
                0x0800e864                _sbrk_r
 .text.__errno  0x0800e884        0xc C:/Users/enric/STM32CubeIDE_1.15.1/STM32CubeIDE/plugins/com.st.stm32cube.ide.mcu.externaltools.gnu-tools-for-stm32.12.3.rel1.win32_1.1.0.202410251130/tools/bin/../lib/gcc/arm-none-eabi/12.3.1/../../../../arm-none-eabi/lib/thumb/v7e-m+fp/hard\libc_nano.a(libc_a-errno.o)
                0x0800e884                __errno
 .text.__libc_init_array
                0x0800e890       0x48 C:/Users/enric/STM32CubeIDE_1.15.1/STM32CubeIDE/plugins/com.st.stm32cube.ide.mcu.externaltools.gnu-tools-for-stm32.12.3.rel1.win32_1.1.0.202410251130/tools/bin/../lib/gcc/arm-none-eabi/12.3.1/../../../../arm-none-eabi/lib/thumb/v7e-m+fp/hard\libc_nano.a(libc_a-init.o)
                0x0800e890                __libc_init_array
 .text.__retarget_lock_acquire_recursive
                0x0800e8d8        0x2 C:/Users/enric/STM32CubeIDE_1.15.1/STM32CubeIDE/plugins/com.st.stm32cube.ide.mcu.externaltools.gnu-tools-for-stm32.12.3.rel1.win32_1.1.0.202410251130/tools/bin/../lib/gcc/arm-none-eabi/12.3.1/../../../../arm-none-eabi/lib/thumb/v7e-m+fp/hard\libc_nano.a(libc_a-lock.o)
                0x0800e8d8                __retarget_lock_acquire_recursive
 .text.__retarget_lock_release_recursive
                0x0800e8da        0x2 C:/Users/enric/STM32CubeIDE_1.15.1/STM32CubeIDE/plugins/com.st.stm32cube.ide.mcu.externaltools.gnu-tools-for-stm32.12.3.rel1.win32_1.1.0.202410251130/tools/bin/../lib/gcc/arm-none-eabi/12.3.1/../../../../arm-none-eabi/lib/thumb/v7e-m+fp/hard\libc_nano.a(libc_a-lock.o)
                0x0800e8da                __retarget_lock_release_recursive
 .text.memcpy   0x0800e8dc       0x1c C:/Users/enric/STM32CubeIDE_1.15.1/STM32CubeIDE/plugins/com.st.stm32cube.ide.mcu.externaltools.gnu-tools-for-stm32.12.3.rel1.win32_1.1.0.202410251130/tools/bin/../lib/gcc/arm-none-eabi/12.3.1/../../../../arm-none-eabi/lib/thumb/v7e-m+fp/hard\libc_nano.a(libc_a-memcpy-stub.o)
                0x0800e8dc                memcpy
 .text._free_r  0x0800e8f8       0x94 C:/Users/enric/STM32CubeIDE_1.15.1/STM32CubeIDE/plugins/com.st.stm32cube.ide.mcu.externaltools.gnu-tools-for-stm32.12.3.rel1.win32_1.1.0.202410251130/tools/bin/../lib/gcc/arm-none-eabi/12.3.1/../../../../arm-none-eabi/lib/thumb/v7e-m+fp/hard\libc_nano.a(libc_a-freer.o)
                0x0800e8f8                _free_r
 .text._malloc_usable_size_r
                0x0800e98c       0x10 C:/Users/enric/STM32CubeIDE_1.15.1/STM32CubeIDE/plugins/com.st.stm32cube.ide.mcu.externaltools.gnu-tools-for-stm32.12.3.rel1.win32_1.1.0.202410251130/tools/bin/../lib/gcc/arm-none-eabi/12.3.1/../../../../arm-none-eabi/lib/thumb/v7e-m+fp/hard\libc_nano.a(libc_a-msizer.o)
                0x0800e98c                _malloc_usable_size_r
 .text.__ssputs_r
                0x0800e99c       0xb6 C:/Users/enric/STM32CubeIDE_1.15.1/STM32CubeIDE/plugins/com.st.stm32cube.ide.mcu.externaltools.gnu-tools-for-stm32.12.3.rel1.win32_1.1.0.202410251130/tools/bin/../lib/gcc/arm-none-eabi/12.3.1/../../../../arm-none-eabi/lib/thumb/v7e-m+fp/hard\libc_nano.a(libc_a-nano-svfprintf.o)
                0x0800e99c                __ssputs_r
 *fill*         0x0800ea52        0x2 
 .text._svfprintf_r
                0x0800ea54      0x1f8 C:/Users/enric/STM32CubeIDE_1.15.1/STM32CubeIDE/plugins/com.st.stm32cube.ide.mcu.externaltools.gnu-tools-for-stm32.12.3.rel1.win32_1.1.0.202410251130/tools/bin/../lib/gcc/arm-none-eabi/12.3.1/../../../../arm-none-eabi/lib/thumb/v7e-m+fp/hard\libc_nano.a(libc_a-nano-svfprintf.o)
                0x0800ea54                _svfiprintf_r
                0x0800ea54                _svfprintf_r
 .text._printf_common
                0x0800ec4c       0xda C:/Users/enric/STM32CubeIDE_1.15.1/STM32CubeIDE/plugins/com.st.stm32cube.ide.mcu.externaltools.gnu-tools-for-stm32.12.3.rel1.win32_1.1.0.202410251130/tools/bin/../lib/gcc/arm-none-eabi/12.3.1/../../../../arm-none-eabi/lib/thumb/v7e-m+fp/hard\libc_nano.a(libc_a-nano-vfprintf_i.o)
                0x0800ec4c                _printf_common
 *fill*         0x0800ed26        0x2 
 .text._printf_i
                0x0800ed28      0x240 C:/Users/enric/STM32CubeIDE_1.15.1/STM32CubeIDE/plugins/com.st.stm32cube.ide.mcu.externaltools.gnu-tools-for-stm32.12.3.rel1.win32_1.1.0.202410251130/tools/bin/../lib/gcc/arm-none-eabi/12.3.1/../../../../arm-none-eabi/lib/thumb/v7e-m+fp/hard\libc_nano.a(libc_a-nano-vfprintf_i.o)
                0x0800ed28                _printf_i
 .text.memmove  0x0800ef68       0x34 C:/Users/enric/STM32CubeIDE_1.15.1/STM32CubeIDE/plugins/com.st.stm32cube.ide.mcu.externaltools.gnu-tools-for-stm32.12.3.rel1.win32_1.1.0.202410251130/tools/bin/../lib/gcc/arm-none-eabi/12.3.1/../../../../arm-none-eabi/lib/thumb/v7e-m+fp/hard\libc_nano.a(libc_a-memmove.o)
                0x0800ef68                memmove
 *fill*         0x0800ef9c        0x4 
 .text.exp      0x0800efa0       0x90 C:/Users/enric/STM32CubeIDE_1.15.1/STM32CubeIDE/plugins/com.st.stm32cube.ide.mcu.externaltools.gnu-tools-for-stm32.12.3.rel1.win32_1.1.0.202410251130/tools/bin/../lib/gcc/arm-none-eabi/12.3.1/../../../../arm-none-eabi/lib/thumb/v7e-m+fp/hard\libm.a(libm_a-w_exp.o)
                0x0800efa0                exp
 .text.finite   0x0800f030       0x16 C:/Users/enric/STM32CubeIDE_1.15.1/STM32CubeIDE/plugins/com.st.stm32cube.ide.mcu.externaltools.gnu-tools-for-stm32.12.3.rel1.win32_1.1.0.202410251130/tools/bin/../lib/gcc/arm-none-eabi/12.3.1/../../../../arm-none-eabi/lib/thumb/v7e-m+fp/hard\libm.a(libm_a-s_finite.o)
                0x0800f030                finite
 .text.with_errno
                0x0800f046       0x24 C:/Users/enric/STM32CubeIDE_1.15.1/STM32CubeIDE/plugins/com.st.stm32cube.ide.mcu.externaltools.gnu-tools-for-stm32.12.3.rel1.win32_1.1.0.202410251130/tools/bin/../lib/gcc/arm-none-eabi/12.3.1/../../../../arm-none-eabi/lib/thumb/v7e-m+fp/hard\libm.a(libm_a-math_err.o)
 .text.xflow    0x0800f06a       0x32 C:/Users/enric/STM32CubeIDE_1.15.1/STM32CubeIDE/plugins/com.st.stm32cube.ide.mcu.externaltools.gnu-tools-for-stm32.12.3.rel1.win32_1.1.0.202410251130/tools/bin/../lib/gcc/arm-none-eabi/12.3.1/../../../../arm-none-eabi/lib/thumb/v7e-m+fp/hard\libm.a(libm_a-math_err.o)
 *fill*         0x0800f09c        0x4 
 .text.__math_uflow
                0x0800f0a0       0x10 C:/Users/enric/STM32CubeIDE_1.15.1/STM32CubeIDE/plugins/com.st.stm32cube.ide.mcu.externaltools.gnu-tools-for-stm32.12.3.rel1.win32_1.1.0.202410251130/tools/bin/../lib/gcc/arm-none-eabi/12.3.1/../../../../arm-none-eabi/lib/thumb/v7e-m+fp/hard\libm.a(libm_a-math_err.o)
                0x0800f0a0                __math_uflow
 .text.__math_oflow
                0x0800f0b0       0x10 C:/Users/enric/STM32CubeIDE_1.15.1/STM32CubeIDE/plugins/com.st.stm32cube.ide.mcu.externaltools.gnu-tools-for-stm32.12.3.rel1.win32_1.1.0.202410251130/tools/bin/../lib/gcc/arm-none-eabi/12.3.1/../../../../arm-none-eabi/lib/thumb/v7e-m+fp/hard\libm.a(libm_a-math_err.o)
                0x0800f0b0                __math_oflow
 .text.__ieee754_exp
                0x0800f0c0      0x2f4 C:/Users/enric/STM32CubeIDE_1.15.1/STM32CubeIDE/plugins/com.st.stm32cube.ide.mcu.externaltools.gnu-tools-for-stm32.12.3.rel1.win32_1.1.0.202410251130/tools/bin/../lib/gcc/arm-none-eabi/12.3.1/../../../../arm-none-eabi/lib/thumb/v7e-m+fp/hard\libm.a(libm_a-e_exp.o)
                0x0800f0c0                __ieee754_exp
 *(.glue_7)
 .glue_7        0x0800f3b4        0x0 linker stubs
 *(.glue_7t)
 .glue_7t       0x0800f3b4        0x0 linker stubs
 *(.eh_frame)
 .eh_frame      0x0800f3b4        0x0 C:/Users/enric/STM32CubeIDE_1.15.1/STM32CubeIDE/plugins/com.st.stm32cube.ide.mcu.externaltools.gnu-tools-for-stm32.12.3.rel1.win32_1.1.0.202410251130/tools/bin/../lib/gcc/arm-none-eabi/12.3.1/thumb/v7e-m+fp/hard/crtbegin.o
 *(.init)
 .init          0x0800f3b4        0x4 C:/Users/enric/STM32CubeIDE_1.15.1/STM32CubeIDE/plugins/com.st.stm32cube.ide.mcu.externaltools.gnu-tools-for-stm32.12.3.rel1.win32_1.1.0.202410251130/tools/bin/../lib/gcc/arm-none-eabi/12.3.1/thumb/v7e-m+fp/hard/crti.o
                0x0800f3b4                _init
 .init          0x0800f3b8        0x8 C:/Users/enric/STM32CubeIDE_1.15.1/STM32CubeIDE/plugins/com.st.stm32cube.ide.mcu.externaltools.gnu-tools-for-stm32.12.3.rel1.win32_1.1.0.202410251130/tools/bin/../lib/gcc/arm-none-eabi/12.3.1/thumb/v7e-m+fp/hard/crtn.o
 *(.fini)
 .fini          0x0800f3c0        0x4 C:/Users/enric/STM32CubeIDE_1.15.1/STM32CubeIDE/plugins/com.st.stm32cube.ide.mcu.externaltools.gnu-tools-for-stm32.12.3.rel1.win32_1.1.0.202410251130/tools/bin/../lib/gcc/arm-none-eabi/12.3.1/thumb/v7e-m+fp/hard/crti.o
                0x0800f3c0                _fini
 .fini          0x0800f3c4        0x8 C:/Users/enric/STM32CubeIDE_1.15.1/STM32CubeIDE/plugins/com.st.stm32cube.ide.mcu.externaltools.gnu-tools-for-stm32.12.3.rel1.win32_1.1.0.202410251130/tools/bin/../lib/gcc/arm-none-eabi/12.3.1/thumb/v7e-m+fp/hard/crtn.o
                0x0800f3cc                        . = ALIGN (0x4)
                0x0800f3cc                        _etext = .

.vfp11_veneer   0x0800f3cc        0x0
 .vfp11_veneer  0x0800f3cc        0x0 linker stubs

.v4_bx          0x0800f3cc        0x0
 .v4_bx         0x0800f3cc        0x0 linker stubs

.iplt           0x0800f3cc        0x0
 .iplt          0x0800f3cc        0x0 C:/Users/enric/STM32CubeIDE_1.15.1/STM32CubeIDE/plugins/com.st.stm32cube.ide.mcu.externaltools.gnu-tools-for-stm32.12.3.rel1.win32_1.1.0.202410251130/tools/bin/../lib/gcc/arm-none-eabi/12.3.1/thumb/v7e-m+fp/hard/crtbegin.o

.rodata         0x0800f3e0     0x4ab0
                0x0800f3e0                        . = ALIGN (0x4)
 *(.rodata)
 .rodata        0x0800f3e0       0x87 ./Core/Src/main.o
 *fill*         0x0800f467        0x1 
 .rodata        0x0800f468       0x44 ./Middlewares/Third_Party/FatFs/src/ff.o
 .rodata        0x0800f4ac       0x30 ./X-CUBE-AI/App/network_data.o
 *(.rodata*)
 .rodata.AHBPrescTable
                0x0800f4dc       0x10 ./Core/Src/system_stm32l4xx.o
                0x0800f4dc                AHBPrescTable
 .rodata.APBPrescTable
                0x0800f4ec        0x8 ./Core/Src/system_stm32l4xx.o
                0x0800f4ec                APBPrescTable
 .rodata.MSIRangeTable
                0x0800f4f4       0x30 ./Core/Src/system_stm32l4xx.o
                0x0800f4f4                MSIRangeTable
 .rodata.UARTPrescTable
                0x0800f524       0x18 ./Drivers/STM32L4xx_HAL_Driver/Src/stm32l4xx_hal_uart.o
                0x0800f524                UARTPrescTable
 .rodata.numerator.1
                0x0800f53c        0x8 ./Drivers/STM32L4xx_HAL_Driver/Src/stm32l4xx_hal_uart_ex.o
 .rodata.denominator.0
                0x0800f544        0x8 ./Drivers/STM32L4xx_HAL_Driver/Src/stm32l4xx_hal_uart_ex.o
 .rodata.SD_Driver
                0x0800f54c       0x14 ./FATFS/Target/sd_diskio.o
                0x0800f54c                SD_Driver
 .rodata.ExCvt  0x0800f560       0x80 ./Middlewares/Third_Party/FatFs/src/ff.o
 .rodata.output_chain
                0x0800f5e0        0x8 ./X-CUBE-AI/App/network.o
 .rodata.__mlp__mlp_4_Relu_output_0_chain
                0x0800f5e8        0x8 ./X-CUBE-AI/App/network.o
 .rodata.__mlp__mlp_3_Gemm_output_0_chain
                0x0800f5f0        0x8 ./X-CUBE-AI/App/network.o
 .rodata.__mlp__mlp_1_Relu_output_0_chain
                0x0800f5f8        0x8 ./X-CUBE-AI/App/network.o
 .rodata.__mlp__mlp_0_Gemm_output_0_chain
                0x0800f600        0x8 ./X-CUBE-AI/App/network.o
 *fill*         0x0800f608       0x18 
 .rodata.s_network_weights_array_u64
                0x0800f620     0x4808 ./X-CUBE-AI/App/network_data_params.o
                0x0800f620                s_network_weights_array_u64
 .rodata._svfprintf_r.str1.1
                0x08013e28       0x11 C:/Users/enric/STM32CubeIDE_1.15.1/STM32CubeIDE/plugins/com.st.stm32cube.ide.mcu.externaltools.gnu-tools-for-stm32.12.3.rel1.win32_1.1.0.202410251130/tools/bin/../lib/gcc/arm-none-eabi/12.3.1/../../../../arm-none-eabi/lib/thumb/v7e-m+fp/hard\libc_nano.a(libc_a-nano-svfprintf.o)
 .rodata._printf_i.str1.1
                0x08013e39       0x22 C:/Users/enric/STM32CubeIDE_1.15.1/STM32CubeIDE/plugins/com.st.stm32cube.ide.mcu.externaltools.gnu-tools-for-stm32.12.3.rel1.win32_1.1.0.202410251130/tools/bin/../lib/gcc/arm-none-eabi/12.3.1/../../../../arm-none-eabi/lib/thumb/v7e-m+fp/hard\libc_nano.a(libc_a-nano-vfprintf_i.o)
 *fill*         0x08013e5b        0x5 
 .rodata.ln2LO  0x08013e60       0x10 C:/Users/enric/STM32CubeIDE_1.15.1/STM32CubeIDE/plugins/com.st.stm32cube.ide.mcu.externaltools.gnu-tools-for-stm32.12.3.rel1.win32_1.1.0.202410251130/tools/bin/../lib/gcc/arm-none-eabi/12.3.1/../../../../arm-none-eabi/lib/thumb/v7e-m+fp/hard\libm.a(libm_a-e_exp.o)
 .rodata.ln2HI  0x08013e70       0x10 C:/Users/enric/STM32CubeIDE_1.15.1/STM32CubeIDE/plugins/com.st.stm32cube.ide.mcu.externaltools.gnu-tools-for-stm32.12.3.rel1.win32_1.1.0.202410251130/tools/bin/../lib/gcc/arm-none-eabi/12.3.1/../../../../arm-none-eabi/lib/thumb/v7e-m+fp/hard\libm.a(libm_a-e_exp.o)
 .rodata.halF   0x08013e80       0x10 C:/Users/enric/STM32CubeIDE_1.15.1/STM32CubeIDE/plugins/com.st.stm32cube.ide.mcu.externaltools.gnu-tools-for-stm32.12.3.rel1.win32_1.1.0.202410251130/tools/bin/../lib/gcc/arm-none-eabi/12.3.1/../../../../arm-none-eabi/lib/thumb/v7e-m+fp/hard\libm.a(libm_a-e_exp.o)
                0x08013e90                        . = ALIGN (0x4)

.ARM.extab      0x08013e90        0x0
                0x08013e90                        . = ALIGN (0x4)
 *(.ARM.extab* .gnu.linkonce.armextab.*)
                0x08013e90                        . = ALIGN (0x4)

.ARM            0x08013e90        0x8
                0x08013e90                        . = ALIGN (0x4)
                0x08013e90                        __exidx_start = .
 *(.ARM.exidx*)
 .ARM.exidx     0x08013e90        0x8 C:/Users/enric/STM32CubeIDE_1.15.1/STM32CubeIDE/plugins/com.st.stm32cube.ide.mcu.externaltools.gnu-tools-for-stm32.12.3.rel1.win32_1.1.0.202410251130/tools/bin/../lib/gcc/arm-none-eabi/12.3.1/../../../../arm-none-eabi/lib/thumb/v7e-m+fp/hard\libc_nano.a(libc_a-strlen.o)
 .ARM.exidx     0x08013e98        0x0 C:/Users/enric/STM32CubeIDE_1.15.1/STM32CubeIDE/plugins/com.st.stm32cube.ide.mcu.externaltools.gnu-tools-for-stm32.12.3.rel1.win32_1.1.0.202410251130/tools/bin/../lib/gcc/arm-none-eabi/12.3.1/../../../../arm-none-eabi/lib/thumb/v7e-m+fp/hard\libc_nano.a(libc_a-memchr.o)
                                  0x8 (size before relaxing)
 .ARM.exidx     0x08013e98        0x0 C:/Users/enric/STM32CubeIDE_1.15.1/STM32CubeIDE/plugins/com.st.stm32cube.ide.mcu.externaltools.gnu-tools-for-stm32.12.3.rel1.win32_1.1.0.202410251130/tools/bin/../lib/gcc/arm-none-eabi/12.3.1/thumb/v7e-m+fp/hard\libgcc.a(_udivmoddi4.o)
                                  0x8 (size before relaxing)
                0x08013e98                        __exidx_end = .
                0x08013e98                        . = ALIGN (0x4)

.preinit_array  0x08013e98        0x0
                0x08013e98                        . = ALIGN (0x4)
                0x08013e98                        PROVIDE (__preinit_array_start = .)
 *(.preinit_array*)
                0x08013e98                        PROVIDE (__preinit_array_end = .)
                0x08013e98                        . = ALIGN (0x4)

.init_array     0x08013e98        0x4
                0x08013e98                        . = ALIGN (0x4)
                0x08013e98                        PROVIDE (__init_array_start = .)
 *(SORT_BY_NAME(.init_array.*))
 *(.init_array*)
 .init_array    0x08013e98        0x4 C:/Users/enric/STM32CubeIDE_1.15.1/STM32CubeIDE/plugins/com.st.stm32cube.ide.mcu.externaltools.gnu-tools-for-stm32.12.3.rel1.win32_1.1.0.202410251130/tools/bin/../lib/gcc/arm-none-eabi/12.3.1/thumb/v7e-m+fp/hard/crtbegin.o
                0x08013e9c                        PROVIDE (__init_array_end = .)
                0x08013e9c                        . = ALIGN (0x4)

.fini_array     0x08013e9c        0x4
                0x08013e9c                        . = ALIGN (0x4)
                [!provide]                        PROVIDE (__fini_array_start = .)
 *(SORT_BY_NAME(.fini_array.*))
 *(.fini_array*)
 .fini_array    0x08013e9c        0x4 C:/Users/enric/STM32CubeIDE_1.15.1/STM32CubeIDE/plugins/com.st.stm32cube.ide.mcu.externaltools.gnu-tools-for-stm32.12.3.rel1.win32_1.1.0.202410251130/tools/bin/../lib/gcc/arm-none-eabi/12.3.1/thumb/v7e-m+fp/hard/crtbegin.o
                [!provide]                        PROVIDE (__fini_array_end = .)
                0x08013ea0                        . = ALIGN (0x4)
                0x08013ea0                        _sidata = LOADADDR (.data)

.rel.dyn        0x08013ea0        0x0
 .rel.iplt      0x08013ea0        0x0 C:/Users/enric/STM32CubeIDE_1.15.1/STM32CubeIDE/plugins/com.st.stm32cube.ide.mcu.externaltools.gnu-tools-for-stm32.12.3.rel1.win32_1.1.0.202410251130/tools/bin/../lib/gcc/arm-none-eabi/12.3.1/thumb/v7e-m+fp/hard/crtbegin.o

.data           0x20000000      0x6e4 load address 0x08013ea0
                0x20000000                        . = ALIGN (0x4)
                0x20000000                        _sdata = .
 *(.data)
 *(.data*)
 .data.SystemCoreClock
                0x20000000        0x4 ./Core/Src/system_stm32l4xx.o
                0x20000000                SystemCoreClock
 .data.uwTickPrio
                0x20000004        0x4 ./Drivers/STM32L4xx_HAL_Driver/Src/stm32l4xx_hal.o
                0x20000004                uwTickPrio
 .data.uwTickFreq
                0x20000008        0x1 ./Drivers/STM32L4xx_HAL_Driver/Src/stm32l4xx_hal.o
                0x20000008                uwTickFreq
 .data.Stat     0x20000009        0x1 ./FATFS/Target/sd_diskio.o
 *fill*         0x2000000a        0x2 
 .data.actual_input_output_array
                0x2000000c       0x10 ./X-CUBE-AI/App/network.o
 .data.__mlp__mlp_0_Gemm_output_0_output_array
                0x2000001c       0x10 ./X-CUBE-AI/App/network.o
 .data.__mlp__mlp_1_Relu_output_0_output_array
                0x2000002c       0x10 ./X-CUBE-AI/App/network.o
 .data.__mlp__mlp_3_Gemm_output_0_output_array
                0x2000003c       0x10 ./X-CUBE-AI/App/network.o
 .data.__mlp__mlp_4_Relu_output_0_output_array
                0x2000004c       0x10 ./X-CUBE-AI/App/network.o
 .data.output_output_array
                0x2000005c       0x10 ./X-CUBE-AI/App/network.o
 .data.__mlp__mlp_0_Gemm_output_0_weights_array
                0x2000006c       0x10 ./X-CUBE-AI/App/network.o
 .data.__mlp__mlp_0_Gemm_output_0_bias_array
                0x2000007c       0x10 ./X-CUBE-AI/App/network.o
 .data.__mlp__mlp_3_Gemm_output_0_weights_array
                0x2000008c       0x10 ./X-CUBE-AI/App/network.o
 .data.__mlp__mlp_3_Gemm_output_0_bias_array
                0x2000009c       0x10 ./X-CUBE-AI/App/network.o
 .data.output_weights_array
                0x200000ac       0x10 ./X-CUBE-AI/App/network.o
 .data.output_bias_array
                0x200000bc       0x10 ./X-CUBE-AI/App/network.o
 .data.__compound_literal.0
                0x200000cc       0x10 ./X-CUBE-AI/App/network.o
 .data.__compound_literal.1
                0x200000dc       0x10 ./X-CUBE-AI/App/network.o
 .data.__mlp__mlp_0_Gemm_output_0_bias
                0x200000ec       0x1c ./X-CUBE-AI/App/network.o
 .data.__compound_literal.2
                0x20000108       0x10 ./X-CUBE-AI/App/network.o
 .data.__compound_literal.3
                0x20000118       0x10 ./X-CUBE-AI/App/network.o
 .data.__mlp__mlp_0_Gemm_output_0_output
                0x20000128       0x1c ./X-CUBE-AI/App/network.o
 .data.__compound_literal.4
                0x20000144       0x10 ./X-CUBE-AI/App/network.o
 .data.__compound_literal.5
                0x20000154       0x10 ./X-CUBE-AI/App/network.o
 .data.__mlp__mlp_0_Gemm_output_0_weights
                0x20000164       0x1c ./X-CUBE-AI/App/network.o
 .data.__compound_literal.6
                0x20000180       0x10 ./X-CUBE-AI/App/network.o
 .data.__compound_literal.7
                0x20000190       0x10 ./X-CUBE-AI/App/network.o
 .data.__mlp__mlp_1_Relu_output_0_output
                0x200001a0       0x1c ./X-CUBE-AI/App/network.o
 .data.__compound_literal.8
                0x200001bc       0x10 ./X-CUBE-AI/App/network.o
 .data.__compound_literal.9
                0x200001cc       0x10 ./X-CUBE-AI/App/network.o
 .data.__mlp__mlp_3_Gemm_output_0_bias
                0x200001dc       0x1c ./X-CUBE-AI/App/network.o
 .data.__compound_literal.10
                0x200001f8       0x10 ./X-CUBE-AI/App/network.o
 .data.__compound_literal.11
                0x20000208       0x10 ./X-CUBE-AI/App/network.o
 .data.__mlp__mlp_3_Gemm_output_0_output
                0x20000218       0x1c ./X-CUBE-AI/App/network.o
 .data.__compound_literal.12
                0x20000234       0x10 ./X-CUBE-AI/App/network.o
 .data.__compound_literal.13
                0x20000244       0x10 ./X-CUBE-AI/App/network.o
 .data.__mlp__mlp_3_Gemm_output_0_weights
                0x20000254       0x1c ./X-CUBE-AI/App/network.o
 .data.__compound_literal.14
                0x20000270       0x10 ./X-CUBE-AI/App/network.o
 .data.__compound_literal.15
                0x20000280       0x10 ./X-CUBE-AI/App/network.o
 .data.__mlp__mlp_4_Relu_output_0_output
                0x20000290       0x1c ./X-CUBE-AI/App/network.o
 .data.__compound_literal.16
                0x200002ac       0x10 ./X-CUBE-AI/App/network.o
 .data.__compound_literal.17
                0x200002bc       0x10 ./X-CUBE-AI/App/network.o
 .data.actual_input_output
                0x200002cc       0x1c ./X-CUBE-AI/App/network.o
 .data.__compound_literal.18
                0x200002e8       0x10 ./X-CUBE-AI/App/network.o
 .data.__compound_literal.19
                0x200002f8       0x10 ./X-CUBE-AI/App/network.o
 .data.output_bias
                0x20000308       0x1c ./X-CUBE-AI/App/network.o
 .data.__compound_literal.20
                0x20000324       0x10 ./X-CUBE-AI/App/network.o
 .data.__compound_literal.21
                0x20000334       0x10 ./X-CUBE-AI/App/network.o
 .data.output_output
                0x20000344       0x1c ./X-CUBE-AI/App/network.o
 .data.__compound_literal.22
                0x20000360       0x10 ./X-CUBE-AI/App/network.o
 .data.__compound_literal.23
                0x20000370       0x10 ./X-CUBE-AI/App/network.o
 .data.output_weights
                0x20000380       0x1c ./X-CUBE-AI/App/network.o
 .data.__compound_literal.24
                0x2000039c        0x4 ./X-CUBE-AI/App/network.o
 .data.__compound_literal.25
                0x200003a0        0x4 ./X-CUBE-AI/App/network.o
 .data.__compound_literal.26
                0x200003a4        0x8 ./X-CUBE-AI/App/network.o
 .data.__compound_literal.28
                0x200003ac       0x30 ./X-CUBE-AI/App/network.o
 .data.output_layer
                0x200003dc       0x1c ./X-CUBE-AI/App/network.o
 .data.__compound_literal.29
                0x200003f8        0x4 ./X-CUBE-AI/App/network.o
 .data.__compound_literal.30
                0x200003fc        0x4 ./X-CUBE-AI/App/network.o
 .data.__compound_literal.33
                0x20000400       0x30 ./X-CUBE-AI/App/network.o
 .data.__mlp__mlp_4_Relu_output_0_layer
                0x20000430       0x20 ./X-CUBE-AI/App/network.o
 .data.__compound_literal.34
                0x20000450        0x4 ./X-CUBE-AI/App/network.o
 .data.__compound_literal.35
                0x20000454        0x4 ./X-CUBE-AI/App/network.o
 .data.__compound_literal.36
                0x20000458        0x8 ./X-CUBE-AI/App/network.o
 .data.__compound_literal.38
                0x20000460       0x30 ./X-CUBE-AI/App/network.o
 .data.__mlp__mlp_3_Gemm_output_0_layer
                0x20000490       0x1c ./X-CUBE-AI/App/network.o
 .data.__compound_literal.39
                0x200004ac        0x4 ./X-CUBE-AI/App/network.o
 .data.__compound_literal.40
                0x200004b0        0x4 ./X-CUBE-AI/App/network.o
 .data.__compound_literal.43
                0x200004b4       0x30 ./X-CUBE-AI/App/network.o
 .data.__mlp__mlp_1_Relu_output_0_layer
                0x200004e4       0x20 ./X-CUBE-AI/App/network.o
 .data.__compound_literal.44
                0x20000504        0x4 ./X-CUBE-AI/App/network.o
 .data.__compound_literal.45
                0x20000508        0x4 ./X-CUBE-AI/App/network.o
 .data.__compound_literal.46
                0x2000050c        0x8 ./X-CUBE-AI/App/network.o
 .data.__compound_literal.48
                0x20000514       0x30 ./X-CUBE-AI/App/network.o
 .data.__mlp__mlp_0_Gemm_output_0_layer
                0x20000544       0x1c ./X-CUBE-AI/App/network.o
 .data.__compound_literal.49
                0x20000560       0x10 ./X-CUBE-AI/App/network.o
 .data.__compound_literal.50
                0x20000570       0x1c ./X-CUBE-AI/App/network.o
 .data.__compound_literal.51
                0x2000058c       0x10 ./X-CUBE-AI/App/network.o
 .data.__compound_literal.52
                0x2000059c       0x1c ./X-CUBE-AI/App/network.o
 .data.__compound_literal.53
                0x200005b8        0x4 ./X-CUBE-AI/App/network.o
 .data.__compound_literal.57
                0x200005bc        0xc ./X-CUBE-AI/App/network.o
 .data.__compound_literal.58
                0x200005c8        0x4 ./X-CUBE-AI/App/network.o
 .data.__compound_literal.62
                0x200005cc        0xc ./X-CUBE-AI/App/network.o
 .data.__compound_literal.63
                0x200005d8       0x18 ./X-CUBE-AI/App/network.o
 .data.g_network
                0x200005f0       0x4c ./X-CUBE-AI/App/network.o
 .data.__compound_literal.0
                0x2000063c       0x10 ./X-CUBE-AI/App/network_data.o
 .data.g_network_data_map_activations
                0x2000064c       0x1c ./X-CUBE-AI/App/network_data.o
                0x2000064c                g_network_data_map_activations
 .data.__compound_literal.1
                0x20000668       0x10 ./X-CUBE-AI/App/network_data.o
 .data.g_network_data_map_weights
                0x20000678       0x1c ./X-CUBE-AI/App/network_data.o
                0x20000678                g_network_data_map_weights
 .data._impure_ptr
                0x20000694        0x4 C:/Users/enric/STM32CubeIDE_1.15.1/STM32CubeIDE/plugins/com.st.stm32cube.ide.mcu.externaltools.gnu-tools-for-stm32.12.3.rel1.win32_1.1.0.202410251130/tools/bin/../lib/gcc/arm-none-eabi/12.3.1/../../../../arm-none-eabi/lib/thumb/v7e-m+fp/hard\libc_nano.a(libc_a-impure.o)
                0x20000694                _impure_ptr
 .data._impure_data
                0x20000698       0x4c C:/Users/enric/STM32CubeIDE_1.15.1/STM32CubeIDE/plugins/com.st.stm32cube.ide.mcu.externaltools.gnu-tools-for-stm32.12.3.rel1.win32_1.1.0.202410251130/tools/bin/../lib/gcc/arm-none-eabi/12.3.1/../../../../arm-none-eabi/lib/thumb/v7e-m+fp/hard\libc_nano.a(libc_a-impure.o)
                0x20000698                _impure_data
 *(.RamFunc)
 *(.RamFunc*)
                0x200006e4                        . = ALIGN (0x4)
                0x200006e4                        _edata = .

.igot.plt       0x200006e4        0x0 load address 0x08014584
 .igot.plt      0x200006e4        0x0 C:/Users/enric/STM32CubeIDE_1.15.1/STM32CubeIDE/plugins/com.st.stm32cube.ide.mcu.externaltools.gnu-tools-for-stm32.12.3.rel1.win32_1.1.0.202410251130/tools/bin/../lib/gcc/arm-none-eabi/12.3.1/thumb/v7e-m+fp/hard/crtbegin.o
                0x200006e4                        . = ALIGN (0x4)

.bss            0x20000700      0xf18 load address 0x08014584
                0x20000700                        _sbss = .
                0x20000700                        __bss_start__ = _sbss
 *(.bss)
 .bss           0x20000700       0x1c C:/Users/enric/STM32CubeIDE_1.15.1/STM32CubeIDE/plugins/com.st.stm32cube.ide.mcu.externaltools.gnu-tools-for-stm32.12.3.rel1.win32_1.1.0.202410251130/tools/bin/../lib/gcc/arm-none-eabi/12.3.1/thumb/v7e-m+fp/hard/crtbegin.o
 *(.bss*)
 .bss.hcrc      0x2000071c       0x24 ./Core/Src/main.o
                0x2000071c                hcrc
 .bss.hsd1      0x20000740       0x80 ./Core/Src/main.o
                0x20000740                hsd1
 .bss.htim1     0x200007c0       0x4c ./Core/Src/main.o
                0x200007c0                htim1
 .bss.huart2    0x2000080c       0x94 ./Core/Src/main.o
                0x2000080c                huart2
 .bss.file_out  0x200008a0      0x230 ./Core/Src/main.o
                0x200008a0                file_out
 .bss.file_in   0x20000ad0      0x230 ./Core/Src/main.o
                0x20000ad0                file_in
 .bss.f_report  0x20000d00      0x230 ./Core/Src/main.o
                0x20000d00                f_report
 .bss.buffer    0x20000f30       0x50 ./Core/Src/main.o
                0x20000f30                buffer
 .bss.network   0x20000f80        0x4 ./Core/Src/main.o
 *fill*         0x20000f84       0x1c 
 .bss.activations
                0x20000fa0      0x200 ./Core/Src/main.o
 .bss.in_data   0x200011a0       0x10 ./Core/Src/main.o
 *fill*         0x200011b0       0x10 
 .bss.out_data  0x200011c0        0x8 ./Core/Src/main.o
 .bss.ai_input  0x200011c8        0x4 ./Core/Src/main.o
 .bss.ai_output
                0x200011cc        0x4 ./Core/Src/main.o
 .bss.__sbrk_heap_end
                0x200011d0        0x4 ./Core/Src/sysmem.o
 .bss.uwTick    0x200011d4        0x4 ./Drivers/STM32L4xx_HAL_Driver/Src/stm32l4xx_hal.o
                0x200011d4                uwTick
 .bss.retSD     0x200011d8        0x1 ./FATFS/App/fatfs.o
                0x200011d8                retSD
 *fill*         0x200011d9        0x3 
 .bss.SDPath    0x200011dc        0x4 ./FATFS/App/fatfs.o
                0x200011dc                SDPath
 .bss.SDFatFS   0x200011e0      0x230 ./FATFS/App/fatfs.o
                0x200011e0                SDFatFS
 .bss.FatFs     0x20001410        0x4 ./Middlewares/Third_Party/FatFs/src/ff.o
 .bss.Fsid      0x20001414        0x2 ./Middlewares/Third_Party/FatFs/src/ff.o
 *fill*         0x20001416        0x2 
 .bss.Files     0x20001418       0x20 ./Middlewares/Third_Party/FatFs/src/ff.o
 .bss.disk      0x20001438        0xc ./Middlewares/Third_Party/FatFs/src/ff_gen_drv.o
                0x20001438                disk
 .bss.g_network_activations_map
                0x20001444        0x4 ./X-CUBE-AI/App/network.o
 .bss.g_network_weights_map
                0x20001448        0x4 ./X-CUBE-AI/App/network.o
 .bss.__compound_literal.27
                0x2000144c        0x4 ./X-CUBE-AI/App/network.o
 .bss.__compound_literal.31